C 50000

V 2020

CAVOID <118>
CBACKGROUND 
CBLOCK <218>
CEXITS <278>
CHIDE <168>
CINVISIBLE <208>
CPATHS <138>
CROOMS <178>
CSYMBOLS <128>
CUSER <258>

F 8206

G 0

I 1

L {ASCII NESW LINE} {NO EXITS} {x}
L {ASCII NESW LINE} {N} {o}
L {ASCII NESW LINE} {  E} {o}
L {ASCII NESW LINE} {N E} {+}
L {ASCII NESW LINE} {    S} {o}
L {ASCII NESW LINE} {N   S} {|}
L {ASCII NESW LINE} {  E S} {+}
L {ASCII NESW LINE} {N E S} {+}
L {ASCII NESW LINE} {      W} {o}
L {ASCII NESW LINE} {N     W} {+}
L {ASCII NESW LINE} {  E   W} {-}
L {ASCII NESW LINE} {N E   W} {+}
L {ASCII NESW LINE} {    S W} {+}
L {ASCII NESW LINE} {N   S W} {+}
L {ASCII NESW LINE} {  E S W} {+}
L {ASCII NESW LINE} {N E S W} {+}
L {ASCII NESW MISC} {USER} {x}
L {ASCII NESW MISC} {DIR UNKNOWN} {+}
L {ASCII NESW MISC} {N S VOID} {|}
L {ASCII NESW MISC} {E W VOID} {-}
L {ASCII NESW CURVED} {N E CURVED} {+}
L {ASCII NESW CURVED} {S E CURVED} {+}
L {ASCII NESW CURVED} {S W CURVED} {+}
L {ASCII NESW CURVED} {N W CURVED} {+}
L {ASCII NESW DIRS} {DIR N} {|}
L {ASCII NESW DIRS} {DIR NE} {/}
L {ASCII NESW DIRS} {DIR E} {-}
L {ASCII NESW DIRS} {DIR SE} {\\}
L {ASCII NESW DIRS} {DIR S} {|}
L {ASCII NESW DIRS} {DIR SW} {/}
L {ASCII NESW DIRS} {DIR W} {-}
L {ASCII NESW DIRS} {DIR NW} {\\}
L {NESW LINE} {NO EXITS} {\u2B51}
L {NESW LINE} {N} {\u2579}
L {NESW LINE} {  E} {\u257A}
L {NESW LINE} {N E} {\u2517}
L {NESW LINE} {    S} {\u257B}
L {NESW LINE} {N   S} {\u2503}
L {NESW LINE} {  E S} {\u250F}
L {NESW LINE} {N E S} {\u2523}
L {NESW LINE} {      W} {\u2578}
L {NESW LINE} {N     W} {\u251B}
L {NESW LINE} {  E   W} {\u2501}
L {NESW LINE} {N E   W} {\u253B}
L {NESW LINE} {    S W} {\u2513}
L {NESW LINE} {N   S W} {\u252B}
L {NESW LINE} {  E S W} {\u2533}
L {NESW LINE} {N E S W} {\u254B}
L {NESW MISC} {USER} {\u2B51}
L {NESW MISC} {DIR UNKNOWN} {\u2012}
L {NESW MISC} {N S VOID} {\u2507}
L {NESW MISC} {E W VOID} {\u254D}
L {NESW CURVED} {N E CURVED} {\u2570}
L {NESW CURVED} {S E CURVED} {\u256D}
L {NESW CURVED} {S W CURVED} {\u256E}
L {NESW CURVED} {N W CURVED} {\u256F}
L {NESW DIRS} {DIR N} {\u2191}
L {NESW DIRS} {DIR NE} {\u2B08}
L {NESW DIRS} {DIR E} {\u2B95}
L {NESW DIRS} {DIR SE} {\u2b0A}
L {NESW DIRS} {DIR S} {\u2193}
L {NESW DIRS} {DIR SW} {\u2B0B}
L {NESW DIRS} {DIR W} {\u2B05}
L {NESW DIRS} {DIR NW} {\u2B09}
L {MUDFONT NWS} {NO EXITS} {\u28CF}
L {MUDFONT NWS} {N} {\u28C7}
L {MUDFONT NWS} {  NW} {\u28CE}
L {MUDFONT NWS} {N NW} {\u28C6}
L {MUDFONT NWS} {     W} {\u28C9}
L {MUDFONT NWS} {N    W} {\u28C1}
L {MUDFONT NWS} {  NW W} {\u28C8}
L {MUDFONT NWS} {N NW W} {\u28C0}
L {MUDFONT NWS} {       SW} {\u288F}
L {MUDFONT NWS} {N      SW} {\u2887}
L {MUDFONT NWS} {  NW   SW} {\u288E}
L {MUDFONT NWS} {N NW   SW} {\u2886}
L {MUDFONT NWS} {     W SW} {\u2889}
L {MUDFONT NWS} {N    W SW} {\u2881}
L {MUDFONT NWS} {  NW W SW} {\u2888}
L {MUDFONT NWS} {N NW W SW} {\u2880}
L {MUDFONT NWS} {          S} {\u284F}
L {MUDFONT NWS} {N         S} {\u2847}
L {MUDFONT NWS} {  NW      S} {\u284E}
L {MUDFONT NWS} {N NW      S} {\u2846}
L {MUDFONT NWS} {     W    S} {\u2849}
L {MUDFONT NWS} {N    W    S} {\u2841}
L {MUDFONT NWS} {  NW W    S} {\u2848}
L {MUDFONT NWS} {N NW W    S} {\u2880}
L {MUDFONT NWS} {       SW S} {\u280F}
L {MUDFONT NWS} {N      SW S} {\u2807}
L {MUDFONT NWS} {  NW   SW S} {\u280E}
L {MUDFONT NWS} {N NW   SW S} {\u2806}
L {MUDFONT NWS} {     W SW S} {\u2809}
L {MUDFONT NWS} {N    W SW S} {\u2801}
L {MUDFONT NWS} {  NW W SW S} {\u2808}
L {MUDFONT NWS} {N NW W SW S} {\u2800}
L {MUDFONT NES} {NO EXITS} {\u28F9}
L {MUDFONT NES} {N} {\u28F8}
L {MUDFONT NES} {  NE} {\u28F1}
L {MUDFONT NES} {N NE} {\u28F0}
L {MUDFONT NES} {     W} {\u28C9}
L {MUDFONT NES} {N    W} {\u28C8}
L {MUDFONT NES} {  NE W} {\u28C2}
L {MUDFONT NES} {N NE W} {\u28C0}
L {MUDFONT NES} {       SE} {\u2879}
L {MUDFONT NES} {N      SE} {\u2878}
L {MUDFONT NES} {  NE   SE} {\u2871}
L {MUDFONT NES} {N NE   SE} {\u2870}
L {MUDFONT NES} {     W SE} {\u2849}
L {MUDFONT NES} {N    W SE} {\u2848}
L {MUDFONT NES} {  NE W SE} {\u2842}
L {MUDFONT NES} {N NE W SE} {\u2840}
L {MUDFONT NES} {          S} {\u28B9}
L {MUDFONT NES} {N         S} {\u28B8}
L {MUDFONT NES} {  NE      S} {\u28B1}
L {MUDFONT NES} {N NE      S} {\u28B0}
L {MUDFONT NES} {     W    S} {\u2889}
L {MUDFONT NES} {N    W    S} {\u2888}
L {MUDFONT NES} {  NE W    S} {\u2882}
L {MUDFONT NES} {N NE W    S} {\u2880}
L {MUDFONT NES} {       SE S} {\u2839}
L {MUDFONT NES} {N      SE S} {\u2838}
L {MUDFONT NES} {  NE   SE S} {\u2831}
L {MUDFONT NES} {N NE   SE S} {\u2830}
L {MUDFONT NES} {     W SE S} {\u2809}
L {MUDFONT NES} {N    W SE S} {\u2808}
L {MUDFONT NES} {  NE W SE S} {\u2802}
L {MUDFONT NES} {N NE W SE S} {\u2800}
L {MUDFONT VOID NWS} {NO EXITS} {\u2830}
L {MUDFONT VOID NWS} {N} {\u2838}
L {MUDFONT VOID NWS} {  NW} {\u2831}
L {MUDFONT VOID NWS} {N NW} {\u2839}
L {MUDFONT VOID NWS} {     W} {\u2836}
L {MUDFONT VOID NWS} {N    W} {\u283E}
L {MUDFONT VOID NWS} {  NW W} {\u2837}
L {MUDFONT VOID NWS} {N NW W} {\u283F}
L {MUDFONT VOID NWS} {       SW} {\u2870}
L {MUDFONT VOID NWS} {N      SW} {\u2878}
L {MUDFONT VOID NWS} {  NW   SW} {\u2871}
L {MUDFONT VOID NWS} {N NW   SW} {\u2879}
L {MUDFONT VOID NWS} {     W SW} {\u2876}
L {MUDFONT VOID NWS} {N    W SW} {\u287E}
L {MUDFONT VOID NWS} {  NW W SW} {\u2877}
L {MUDFONT VOID NWS} {N NW W SW} {\u287F}
L {MUDFONT VOID NWS} {          S} {\u28B0}
L {MUDFONT VOID NWS} {N         S} {\u28B8}
L {MUDFONT VOID NWS} {  NW      S} {\u28B1}
L {MUDFONT VOID NWS} {N NW      S} {\u28B9}
L {MUDFONT VOID NWS} {     W    S} {\u28B6}
L {MUDFONT VOID NWS} {N    W    S} {\u28BE}
L {MUDFONT VOID NWS} {  NW W    S} {\u28B7}
L {MUDFONT VOID NWS} {N NW W    S} {\u28BF}
L {MUDFONT VOID NWS} {       SW S} {\u28F0}
L {MUDFONT VOID NWS} {N      SW S} {\u28F8}
L {MUDFONT VOID NWS} {  NW   SW S} {\u28F1}
L {MUDFONT VOID NWS} {N NW   SW S} {\u28F9}
L {MUDFONT VOID NWS} {     W SW S} {\u28F6}
L {MUDFONT VOID NWS} {N    W SW S} {\u28FE}
L {MUDFONT VOID NWS} {  NW W SW S} {\u28F7}
L {MUDFONT VOID NWS} {N NW W SW S} {\u28FF}
L {MUDFONT VOID NES} {NO EXITS} {\u2806}
L {MUDFONT VOID NES} {N} {\u2807}
L {MUDFONT VOID NES} {  NE} {\u280E}
L {MUDFONT VOID NES} {N NE} {\u280F}
L {MUDFONT VOID NES} {     W} {\u2836}
L {MUDFONT VOID NES} {N    W} {\u2837}
L {MUDFONT VOID NES} {  NE W} {\u283E}
L {MUDFONT VOID NES} {N NE W} {\u283F}
L {MUDFONT VOID NES} {       SE} {\u2886}
L {MUDFONT VOID NES} {N      SE} {\u2887}
L {MUDFONT VOID NES} {  NE   SE} {\u288E}
L {MUDFONT VOID NES} {N NE   SE} {\u288F}
L {MUDFONT VOID NES} {     W SE} {\u28B6}
L {MUDFONT VOID NES} {N    W SE} {\u28B7}
L {MUDFONT VOID NES} {  NE W SE} {\u28BE}
L {MUDFONT VOID NES} {N NE W SE} {\u28BF}
L {MUDFONT VOID NES} {          S} {\u2846}
L {MUDFONT VOID NES} {N         S} {\u2847}
L {MUDFONT VOID NES} {  NE      S} {\u284E}
L {MUDFONT VOID NES} {N NE      S} {\u284F}
L {MUDFONT VOID NES} {     W    S} {\u2876}
L {MUDFONT VOID NES} {N    W    S} {\u2877}
L {MUDFONT VOID NES} {  NE W    S} {\u287E}
L {MUDFONT VOID NES} {N NE W    S} {\u287F}
L {MUDFONT VOID NES} {       SE S} {\u28C6}
L {MUDFONT VOID NES} {N      SE S} {\u28C7}
L {MUDFONT VOID NES} {  NE   SE S} {\u28CE}
L {MUDFONT VOID NES} {N NE   SE S} {\u28CF}
L {MUDFONT VOID NES} {     W SE S} {\u28F6}
L {MUDFONT VOID NES} {N    W SE S} {\u28F7}
L {MUDFONT VOID NES} {  NE W SE S} {\u28FE}
L {MUDFONT VOID NES} {N NE W SE S} {\u28FF}
L {MUDFONT CURVED} {N E} {\u2818}
L {MUDFONT CURVED} {S E} {\u28A0}
L {MUDFONT CURVED} {S W} {\u2844}
L {MUDFONT CURVED} {N W} {\u2803}
L {UNICODE GRAPHICS} {NO DIAGONAL} {}
L {UNICODE GRAPHICS} {SE} {\u2E0C}
L {UNICODE GRAPHICS} {NE} {\u2E1D}
L {UNICODE GRAPHICS} {SE NE} {>}
L {UNICODE GRAPHICS} {SW} {\u2E0D}
L {UNICODE GRAPHICS} {SE SW} {\u2E0C\u2E0D}
L {UNICODE GRAPHICS} {NE SW} {\uFF0F}
L {UNICODE GRAPHICS} {SE NE SW} {>\u2E0D}
L {UNICODE GRAPHICS} {NW} {\u2E1C}
L {UNICODE GRAPHICS} {SE NW} {\uFF3C}
L {UNICODE GRAPHICS} {NE NW} {\u2E1D\u2E1C}
L {UNICODE GRAPHICS} {SE NE NW} {>\u2E1C}
L {UNICODE GRAPHICS} {SW NW} {<}
L {UNICODE GRAPHICS} {SE SW NW} {\u2E0C<}
L {UNICODE GRAPHICS} {NE SW NW} {\u2E1D<}
L {UNICODE GRAPHICS} {SE NE SW NW} {><}
L {UNICODE GRAPHICS} {D} {-}
L {UNICODE GRAPHICS} {N} {\u2191}
L {UNICODE GRAPHICS} {S} {\u2193}
L {UNICODE GRAPHICS} {N S} {\u2502}
L {UNICODE GRAPHICS} {U} {+}
L {UNICODE GRAPHICS} {E} {\U01F806}
L {UNICODE GRAPHICS} {W} {\U01F804}
L {UNICODE GRAPHICS} {E W} {\u2500}
L {UNICODE GRAPHICS} {ROOM L} {[}
L {UNICODE GRAPHICS} {ROOM L CURVED} {(}
L {UNICODE GRAPHICS} {ROOM R} {]}
L {UNICODE GRAPHICS} {ROOM R CURVED} {)}




T {} { } {}



R {    1} {0} {} {中央广场} {+} {} {city} {} {} {} {1.000} {guangchang}
E {  101} {e} {e} {2} {0} {} {1.000} {}
E {  119} {s} {s} {4} {0} {} {1.000} {}
E {  150} {w} {w} {8} {0} {} {1.000} {}
E {  170} {n} {n} {1} {0} {} {1.000} {}

R {    2} {0} {} {天安门广场} {+} {} {北京} {} {} {} {1.000} {}

R {    3} {0} {} {} {+} {} {长安} {} {} {} {1.000} {}

R {    4} {0} {} {} { } {} {} {} {} {} {1.000} {}

R {    5} {0} {} {} { } {} {} {} {} {} {1.000} {}

R {    6} {0} {} {} { } {} {} {} {} {} {1.000} {}

R {    7} {0} {} {} { } {} {} {} {} {} {1.000} {}

R {    8} {0} {} {} { } {} {} {} {} {} {1.000} {}

R {    9} {0} {} {} { } {} {} {} {} {} {1.000} {}

R {   10} {0} {} {} { } {} {} {} {} {} {1.000} {}

R {   11} {0} {} {} { } {} {} {} {} {} {1.000} {}

R {   12} {0} {} {} { } {} {} {} {} {} {1.000} {}

R {   13} {0} {} {} { } {} {} {} {} {} {1.000} {}

R {   14} {0} {} {} { } {} {} {} {} {} {1.000} {}

R {   15} {0} {} {} { } {} {} {} {} {} {1.000} {}

R {   16} {0} {} {} { } {} {} {} {} {} {1.000} {}

R {   17} {0} {} {} { } {} {} {} {} {} {1.000} {}

R {   18} {0} {} {} { } {} {} {} {} {} {1.000} {}

R {   19} {0} {} {} { } {} {} {} {} {} {1.000} {}

R {   20} {0} {} {} { } {} {} {} {} {} {1.000} {}

R {   21} {0} {} {} { } {} {} {} {} {} {1.000} {}

R {   22} {0} {} {} { } {} {} {} {} {} {1.000} {}

R {   23} {0} {} {} { } {} {} {} {} {} {1.000} {}

R {   24} {0} {} {} { } {} {} {} {} {} {1.000} {}

R {   25} {0} {} {} { } {} {} {} {} {} {1.000} {}

R {   26} {0} {} {} { } {} {} {} {} {} {1.000} {}

R {   27} {0} {} {} { } {} {} {} {} {} {1.000} {}

R {   28} {0} {} {} { } {} {} {} {} {} {1.000} {}

R {   29} {0} {} {} { } {} {} {} {} {} {1.000} {}

R {   30} {0} {} {} { } {} {} {} {} {} {1.000} {}

R {   31} {0} {} {} { } {} {} {} {} {} {1.000} {}

R {   32} {0} {} {} { } {} {} {} {} {} {1.000} {}

R {   33} {0} {} {} { } {} {} {} {} {} {1.000} {}

R {   34} {0} {} {} { } {} {} {} {} {} {1.000} {}

R {   35} {0} {} {} { } {} {} {} {} {} {1.000} {}

R {   36} {0} {} {} { } {} {} {} {} {} {1.000} {}

R {   37} {0} {} {} { } {} {} {} {} {} {1.000} {}

R {   38} {0} {} {} { } {} {} {} {} {} {1.000} {}

R {   39} {0} {} {} { } {} {} {} {} {} {1.000} {}

R {   40} {0} {} {} { } {} {} {} {} {} {1.000} {}

R {   41} {0} {} {} { } {} {} {} {} {} {1.000} {}

R {   42} {0} {} {} { } {} {} {} {} {} {1.000} {}

R {   43} {0} {} {} { } {} {} {} {} {} {1.000} {}

R {   44} {0} {} {} { } {} {} {} {} {} {1.000} {}

R {   45} {0} {} {} { } {} {} {} {} {} {1.000} {}

R {   46} {0} {} {} { } {} {} {} {} {} {1.000} {}

R {   47} {0} {} {} { } {} {} {} {} {} {1.000} {}

R {   48} {0} {} {} { } {} {} {} {} {} {1.000} {}

R {   49} {0} {} {} { } {} {} {} {} {} {1.000} {}

R {   50} {0} {} {} { } {} {} {} {} {} {1.000} {}

R {   51} {0} {} {} { } {} {} {} {} {} {1.000} {}

R {   52} {0} {} {} { } {} {} {} {} {} {1.000} {}

R {   53} {0} {} {} { } {} {} {} {} {} {1.000} {}

R {   54} {0} {} {} { } {} {} {} {} {} {1.000} {}

R {   55} {0} {} {} { } {} {} {} {} {} {1.000} {}

R {   56} {0} {} {} { } {} {} {} {} {} {1.000} {}

R {   57} {0} {} {} { } {} {} {} {} {} {1.000} {}

R {   58} {0} {} {} { } {} {} {} {} {} {1.000} {}

R {   59} {0} {} {} { } {} {} {} {} {} {1.000} {}

R {   60} {0} {} {} { } {} {} {} {} {} {1.000} {}

R {   61} {0} {} {} { } {} {} {} {} {} {1.000} {}

R {   62} {0} {} {} { } {} {} {} {} {} {1.000} {}

R {   63} {0} {} {} { } {} {} {} {} {} {1.000} {}

R {   64} {0} {} {} { } {} {} {} {} {} {1.000} {}

R {   65} {0} {} {} { } {} {} {} {} {} {1.000} {}

R {   66} {0} {} {} { } {} {} {} {} {} {1.000} {}

R {   67} {0} {} {} { } {} {} {} {} {} {1.000} {}

R {   68} {0} {} {} { } {} {} {} {} {} {1.000} {}

R {   69} {0} {} {} { } {} {} {} {} {} {1.000} {}

R {   70} {0} {} {} { } {} {} {} {} {} {1.000} {}

R {   71} {0} {} {} { } {} {} {} {} {} {1.000} {}

R {   72} {0} {} {} { } {} {} {} {} {} {1.000} {}

R {   73} {0} {} {} { } {} {} {} {} {} {1.000} {}

R {   74} {0} {} {} { } {} {} {} {} {} {1.000} {}

R {   75} {0} {} {} { } {} {} {} {} {} {1.000} {}

R {   76} {0} {} {} { } {} {} {} {} {} {1.000} {}

R {   77} {0} {} {} { } {} {} {} {} {} {1.000} {}

R {   78} {0} {} {} { } {} {} {} {} {} {1.000} {}

R {   79} {0} {} {} { } {} {} {} {} {} {1.000} {}

R {   80} {0} {} {} { } {} {} {} {} {} {1.000} {}

R {   81} {0} {} {} { } {} {} {} {} {} {1.000} {}

R {   82} {0} {} {} { } {} {} {} {} {} {1.000} {}

R {   83} {0} {} {} { } {} {} {} {} {} {1.000} {}

R {   84} {0} {} {} { } {} {} {} {} {} {1.000} {}

R {   85} {0} {} {} { } {} {} {} {} {} {1.000} {}

R {   86} {0} {} {} { } {} {} {} {} {} {1.000} {}

R {   87} {0} {} {} { } {} {} {} {} {} {1.000} {}

R {   88} {0} {} {} { } {} {} {} {} {} {1.000} {}

R {   89} {0} {} {} { } {} {} {} {} {} {1.000} {}

R {   90} {0} {} {} { } {} {} {} {} {} {1.000} {}

R {   91} {0} {} {} { } {} {} {} {} {} {1.000} {}

R {   92} {0} {} {} { } {} {} {} {} {} {1.000} {}

R {   93} {0} {} {} { } {} {} {} {} {} {1.000} {}

R {   94} {0} {} {} { } {} {} {} {} {} {1.000} {}

R {   95} {0} {} {} { } {} {} {} {} {} {1.000} {}

R {   96} {0} {} {} { } {} {} {} {} {} {1.000} {}

R {   97} {0} {} {} { } {} {} {} {} {} {1.000} {}

R {   98} {0} {} {} { } {} {} {} {} {} {1.000} {}

R {   99} {0} {} {} { } {} {} {} {} {} {1.000} {}

R {  100} {0} {} {} { } {} {} {} {} {} {1.000} {}

R {  101} {0} {} {东大街} { } {} {city} {} {} {} {1.000} {dongdajie1}
E {    1} {w} {w} {8} {0} {} {1.000} {}
E {  102} {s} {s} {4} {0} {} {1.000} {}
E {  103} {n} {n} {1} {0} {} {1.000} {}
E {  190} {e} {e} {2} {0} {} {1.000} {}

R {  102} {0} {} {杂货铺} { } {} {city} {} {} {} {1.000} {zahuopu}
E {  101} {n} {n} {1} {0} {} {1.000} {}

R {  103} {0} {} {书院} { } {} {city} {} {} {} {1.000} {shuyuan}
E {  101} {s} {s} {4} {0} {} {1.000} {}

R {  104} {0} {} {东大街} { } {} {city} {} {} {} {1.000} {dongdajie2}
E {  190} {w} {w} {8} {0} {} {1.000} {}
E {  105} {s} {s} {4} {0} {} {1.000} {}
E {  106} {n} {n} {1} {0} {} {1.000} {}
E {  116} {e} {e} {2} {0} {} {1.000} {}

R {  105} {0} {} {打铁铺} { } {} {city} {} {} {} {1.000} {datiepu}
E {  104} {n} {n} {1} {0} {} {1.000} {}

R {  106} {0} {} {药铺} { } {} {city} {} {} {} {1.000} {yaopu}
E {  104} {s} {s} {4} {0} {} {1.000} {}

R {  107} {0} {} {东门} {#} {} {city} {} {} {} {1.000} {dongmen}
E {  116} {w} {w} {8} {0} {} {1.000} {}
E {  108} {n} {n} {1} {0} {} {1.000} {}
E {  109} {s} {s} {4} {0} {} {1.000} {}
E {  440} {e} {e} {2} {0} {} {1.000} {}

R {  108} {1026} {} {青竹林} { } {} {city} {} {} {} {1.000} {ml1}
E {  107} {s} {s} {4} {0} {} {1.000} {}
E {  175} {w} {w} {8} {8} {} {1.000} {}
E {  192} {n} {n} {1} {8} {} {1.000} {}
E {  193} {e} {e} {2} {0} {} {1.000} {}

R {  109} {0} {} {草地} { } {} {city} {} {} {} {1.000} {jiaowai1}
E {  107} {n} {n} {1} {0} {} {1.000} {}
E {  110} {s} {s} {4} {0} {} {1.000} {}

R {  110} {0} {} {树林} { } {} {city} {} {} {} {1.000} {jiaowai2}
E {  109} {n} {n} {1} {0} {} {1.000} {}
E {  111} {s} {s} {4} {0} {} {1.000} {}

R {  111} {0} {} {树林} { } {} {city} {} {} {} {1.000} {jiaowai3}
E {  110} {n} {n} {1} {0} {} {1.000} {}
E {  112} {s} {s} {4} {0} {} {1.000} {}

R {  112} {0} {} {密林} { } {} {city} {} {} {} {1.000} {jiaowai4}
E {  111} {n} {n} {1} {0} {} {1.000} {}
E {  191} {w} {w} {8} {0} {} {1.000} {}
E {  211} {se} {se} {6} {0} {} {1.000} {}

R {  113} {0} {} {密林} { } {} {city} {} {} {} {1.000} {jiaowai5}
E {  191} {e} {e} {2} {0} {} {1.000} {}
E {  114} {w} {w} {8} {0} {} {1.000} {}

R {  114} {0} {} {树林} { } {} {city} {} {} {} {1.000} {jiaowai6}
E {  113} {e} {e} {2} {0} {} {1.000} {}
E {  115} {w} {w} {8} {0} {} {1.000} {}

R {  115} {0} {} {草地} { } {} {city} {} {} {} {1.000} {jiaowai7}
E {  114} {e} {e} {2} {0} {} {1.000} {}
E {  117} {w} {w} {8} {0} {} {1.000} {}

R {  116} {4104} {} {} { } {} {} {} {} {} {1.000} {}
E {  104} {w} {w} {8} {0} {} {1.000} {}
E {  107} {e} {e} {2} {0} {} {1.000} {}

R {  117} {0} {} {南门} {#} {} {city} {} {} {} {1.000} {nanmen}
E {  115} {e} {e} {2} {0} {} {1.000} {}
E {  121} {n} {n} {1} {0} {} {1.000} {}
E {  279} {s} {s} {4} {0} {} {1.000} {}
E {  397} {w} {w} {8} {0} {} {1.000} {}

R {  118} {0} {} {南大街} { } {} {city} {} {} {} {1.000} {nandajie1}
E {  119} {n} {n} {1} {0} {} {1.000} {}
E {  120} {e} {e} {2} {0} {} {1.000} {}
E {  121} {s} {s} {4} {0} {} {1.000} {}
E {  125} {w} {w} {8} {0} {} {1.000} {}

R {  119} {4104} {} {} { } {} {} {} {} {} {1.000} {}
E {  118} {s} {s} {4} {0} {} {1.000} {}
E {    1} {n} {n} {1} {0} {} {1.000} {}

R {  120} {0} {} {当铺} { } {} {city} {} {} {} {1.000} {dangpu}
E {  118} {w} {w} {8} {0} {} {1.000} {}

R {  121} {0} {} {南大街} { } {} {city} {} {} {} {1.000} {nandajie2}
E {  118} {n} {n} {1} {0} {} {1.000} {}
E {  117} {s} {s} {4} {0} {} {1.000} {}
E {  122} {e} {e} {2} {0} {} {1.000} {}
E {  124} {w} {w} {8} {0} {} {1.000} {}

R {  122} {0} {} {丽春院} { } {} {city} {} {} {} {1.000} {lichunyuan}
E {  121} {w} {w} {8} {0} {} {1.000} {}
E {  123} {u} {u} {16} {0} {} {1.000} {}

R {  123} {0} {} {丽春院二楼} { } {} {city} {} {} {} {1.000} {lichunyuan2}
E {  122} {d} {d} {32} {0} {} {1.000} {}

R {  124} {0} {} {春来茶馆} { } {} {city} {} {} {} {1.000} {chaguan}
E {  121} {e} {e} {2} {0} {} {1.000} {}

R {  125} {0} {} {赌场} { } {} {city} {} {} {} {1.000} {duchang}
E {  118} {e} {e} {2} {0} {} {1.000} {}
E {  126} {n} {n} {1} {0} {} {1.000} {}
E {  127} {w} {w} {8} {0} {} {1.000} {}
E {  128} {u} {u} {16} {0} {} {1.000} {}

R {  126} {0} {} {赌场} { } {} {city} {} {} {} {1.000} {bet}
E {  125} {s} {s} {4} {0} {} {1.000} {}

R {  127} {0} {} {赌场} { } {} {city} {} {} {} {1.000} {daxiao}
E {  125} {e} {e} {2} {0} {} {1.000} {}

R {  128} {0} {} {赌场} { } {} {city} {} {} {} {1.000} {duchang2}
E {  125} {d} {d} {32} {0} {} {1.000} {}
E {  129} {n} {n} {1} {0} {} {1.000} {}
E {  130} {s} {s} {4} {0} {} {1.000} {}
E {  131} {w} {w} {8} {0} {} {1.000} {}
E {  132} {e} {e} {2} {0} {} {1.000} {}

R {  129} {0} {} {拱猪房} { } {} {city} {} {} {} {1.000} {nproom}
E {  128} {s} {s} {4} {0} {} {1.000} {}

R {  130} {0} {} {拱猪房} { } {} {city} {} {} {} {1.000} {sproom}
E {  128} {n} {n} {1} {0} {} {1.000} {}

R {  131} {0} {} {拱猪房} { } {} {city} {} {} {} {1.000} {wproom}
E {  128} {e} {e} {2} {0} {} {1.000} {}

R {  132} {0} {} {拱猪房} { } {} {city} {} {} {} {1.000} {eproom}
E {  128} {w} {w} {8} {0} {} {1.000} {}

R {  133} {0} {} {西大街} { } {} {city} {} {} {} {1.000} {xidajie1}
E {  150} {e} {e} {2} {0} {} {1.000} {}
E {  151} {s} {s} {4} {0} {} {1.000} {}
E {  152} {n} {n} {1} {0} {} {1.000} {}
E {  181} {w} {w} {8} {0} {} {1.000} {}

R {  134} {0} {} {北大街} { } {} {city} {} {} {} {1.000} {beidajie1}
E {  135} {s} {s} {4} {0} {} {1.000} {}
E {  136} {w} {w} {8} {0} {} {1.000} {}
E {  137} {e} {e} {2} {0} {} {1.000} {}
E {  138} {n} {n} {1} {0} {} {1.000} {}

R {  135} {4104} {} {} { } {} {} {} {} {} {1.000} {}
E {  134} {n} {n} {1} {0} {} {1.000} {}
E {  170} {s} {s} {4} {0} {} {1.000} {}

R {  136} {0} {} {钱庄} {$} {} {city} {} {} {} {1.000} {qianzhuang}
E {  134} {e} {e} {2} {0} {} {1.000} {}

R {  137} {0} {} {客店} {@} {} {city} {} {} {} {1.000} {kedian}
E {  134} {w} {w} {8} {0} {} {1.000} {}
E {  171} {s} {s} {4} {0} {} {1.000} {}

R {  138} {0} {} {北大街} { } {} {city} {} {} {} {1.000} {beidajie2}
E {  134} {s} {s} {4} {0} {} {1.000} {}
E {  139} {w} {w} {8} {0} {} {1.000} {}
E {  189} {n} {n} {1} {0} {} {1.000} {}
E {  276} {e} {e} {2} {0} {} {1.000} {}

R {  139} {0} {} {武庙} { } {} {city} {} {} {} {1.000} {wumiao}
E {  138} {e} {e} {2} {0} {} {1.000} {}
E {  140} {u} {u} {16} {0} {} {1.000} {}
E {  141} {d} {d} {32} {0} {} {1.000} {}

R {  140} {0} {} {武庙二楼} { } {} {city} {} {} {} {1.000} {wumiao2}
E {  139} {d} {d} {32} {0} {} {1.000} {}

R {  141} {1026} {} {英雄圣殿} { } {} {wizard} {} {} {} {1.000} {herodoor}
E {  139} {u} {u} {16} {0} {} {1.000} {}
E {  142} {w} {w} {8} {0} {} {1.000} {}
E {  143} {enter} {enter} {28} {0} {} {1.000} {}

R {  142} {0} {} {文选发表室} { } {} {wizard} {} {} {} {1.000} {wenxuan}
E {  141} {e} {e} {2} {0} {} {1.000} {}

R {  143} {0} {} {服务大厅} { } {} {wizard} {} {} {} {1.000} {hall}
E {  141} {out} {out} {35} {0} {} {1.000} {}
E {  144} {w} {w} {8} {0} {} {1.000} {}
E {  146} {e} {e} {2} {0} {} {1.000} {}

R {  144} {0} {} {匿名留言室} { } {} {wizard} {} {} {} {1.000} {noname_room}
E {  143} {e} {e} {2} {0} {} {1.000} {}
E {  145} {w} {w} {8} {0} {} {1.000} {}

R {  145} {0} {} {巫师休息室} { } {} {wizard} {} {} {} {1.000} {wizard_room}
E {  144} {e} {e} {2} {0} {} {1.000} {}

R {  146} {0} {} {巫师会客室} { } {} {wizard} {} {} {} {1.000} {guest_room}
E {  143} {w} {w} {8} {0} {} {1.000} {}
E {  147} {ne} {ne} {3} {0} {} {1.000} {}
E {  148} {se} {se} {6} {0} {} {1.000} {}
E {  149} {e} {e} {2} {0} {} {1.000} {}

R {  147} {0} {} {游戏开发室} { } {} {wizard} {} {} {} {1.000} {develop_room}
E {  146} {sw} {sw} {12} {0} {} {1.000} {}

R {  148} {0} {} {玩家交流室} { } {} {wizard} {} {} {} {1.000} {player_room}
E {  146} {nw} {nw} {9} {0} {} {1.000} {}

R {  149} {0} {} {BUG留言室} { } {} {wizard} {} {} {} {1.000} {bug_room}
E {  146} {w} {w} {8} {0} {} {1.000} {}

R {  150} {4104} {} {} { } {} {} {} {} {} {1.000} {}
E {  133} {w} {w} {8} {0} {} {1.000} {}
E {    1} {e} {e} {2} {0} {} {1.000} {}

R {  151} {0} {} {西花扇庄} { } {} {city} {} {} {} {1.000} {shan}
E {  133} {n} {n} {1} {0} {} {1.000} {}

R {  152} {0} {} {衙门大门} { } {} {city} {} {} {} {1.000} {yamen}
E {  133} {s} {s} {4} {0} {} {1.000} {}
E {  177} {n} {n} {1} {8} {} {1.000} {}

R {  153} {0} {} {西大街} { } {} {city} {} {} {} {1.000} {xidajie2}
E {  181} {e} {e} {2} {0} {} {1.000} {}
E {  154} {s} {s} {4} {0} {} {1.000} {}
E {  155} {n} {n} {1} {0} {} {1.000} {}
E {  156} {w} {w} {8} {0} {} {1.000} {}

R {  154} {0} {} {扬州武馆} { } {} {city} {} {} {} {1.000} {wuguan}
E {  153} {n} {n} {1} {0} {} {1.000} {}

R {  155} {0} {} {马庄} { } {} {city} {} {} {} {1.000} {ma_damen}
E {  153} {s} {s} {4} {0} {} {1.000} {}
E {  167} {n} {n} {1} {0} {} {1.000} {}

R {  156} {0} {} {西门} {#} {} {city} {} {} {} {1.000} {ximen}
E {  153} {e} {e} {2} {0} {} {1.000} {}
E {  166} {s} {s} {4} {0} {} {1.000} {}
E {  163} {w} {w} {8} {0} {} {1.000} {}

R {  157} {0} {} {扬州渡} {=} {} {zhongzhou} {} {} {} {1.000} {yangzhoudu}
E {  164} {n} {n} {1} {0} {} {1.000} {}

R {  158} {0} {} {西门大道} {O} {} {city} {} {} {} {1.000} {ximenroad}
E {  163} {e} {e} {2} {0} {} {1.000} {}
E {  159} {s} {s} {4} {0} {} {1.000} {}
E {  412} {sw} {sw} {12} {0} {} {1.000} {}
E {  411} {w} {w} {8} {0} {} {1.000} {}

R {  159} {0} {} {武道场} { } {} {city} {} {} {} {1.000} {wudao4}
E {  158} {n} {n} {1} {0} {} {1.000} {}
E {  160} {sw} {sw} {12} {0} {} {1.000} {}
E {  161} {se} {se} {6} {0} {} {1.000} {}

R {  160} {0} {} {武道场} { } {} {city} {} {} {} {1.000} {wudao2}
E {  159} {ne} {ne} {3} {0} {} {1.000} {}
E {  162} {se} {se} {6} {0} {} {1.000} {}

R {  161} {0} {} {武道场} { } {} {city} {} {} {} {1.000} {wudao1}
E {  159} {nw} {nw} {9} {0} {} {1.000} {}
E {  162} {sw} {sw} {12} {0} {} {1.000} {}

R {  162} {0} {} {武道场} { } {} {city} {} {} {} {1.000} {wudao3}
E {  161} {ne} {ne} {3} {0} {} {1.000} {}
E {  160} {nw} {nw} {9} {0} {} {1.000} {}

R {  163} {4104} {} {} { } {} {} {} {} {} {1.000} {}
E {  158} {w} {w} {8} {0} {} {1.000} {}
E {  156} {e} {e} {2} {0} {} {1.000} {}

R {  164} {4104} {} {} { } {} {} {} {} {} {1.000} {}
E {  157} {s} {s} {4} {0} {} {1.000} {}
E {  165} {n} {n} {1} {0} {} {1.000} {}

R {  165} {4104} {} {} { } {} {} {} {} {} {1.000} {}
E {  164} {s} {s} {4} {0} {} {1.000} {}
E {  166} {n} {n} {1} {0} {} {1.000} {}

R {  166} {4104} {} {} { } {} {} {} {} {} {1.000} {}
E {  165} {s} {s} {4} {0} {} {1.000} {}
E {  156} {n} {n} {1} {0} {} {1.000} {}

R {  167} {0} {} {马庄大院} { } {} {city} {} {} {} {1.000} {ma_dayuan}
E {  155} {s} {s} {4} {0} {} {1.000} {}
E {  168} {e} {e} {2} {0} {} {1.000} {}
E {  169} {n} {n} {1} {0} {} {1.000} {}

R {  168} {0} {} {柴房} { } {} {city} {} {} {} {1.000} {ma_chufang}
E {  167} {w} {w} {8} {0} {} {1.000} {}

R {  169} {0} {} {马庄后院} { } {} {city} {} {} {} {1.000} {ma_houyuan}
E {  167} {s} {s} {4} {0} {} {1.000} {}
E {  182} {n} {n} {1} {3} {} {1.000} {}

R {  170} {4104} {} {} { } {} {} {} {} {} {1.000} {}
E {  135} {n} {n} {1} {0} {} {1.000} {}
E {    1} {s} {s} {4} {0} {} {1.000} {}

R {  171} {0} {} {客店茶房} { } {} {city} {} {} {} {1.000} {liaotian}
E {  137} {n} {n} {1} {0} {} {1.000} {}
E {  172} {e} {e} {2} {0} {} {1.000} {}

R {  172} {0} {} {棋苑} { } {} {city} {} {} {} {1.000} {qiyuan/qiyuan1}
E {  171} {w} {w} {8} {0} {} {1.000} {}
E {  173} {e} {e} {2} {0} {} {1.000} {}
E {  174} {n} {n} {1} {0} {} {1.000} {}
E {  176} {s} {s} {4} {0} {} {1.000} {}

R {  173} {0} {} {棋室} { } {} {city} {} {} {} {1.000} {qiyuan/qiyuan2}
E {  172} {w} {w} {8} {0} {} {1.000} {}

R {  174} {0} {} {棋室} { } {} {city} {} {} {} {1.000} {qiyuan/qiyuan4}
E {  172} {s} {s} {4} {0} {} {1.000} {}

R {  175} {0} {} {} { } {} {} {} {} {} {1.000} {}
E {  108} {e} {e} {2} {0} {} {1.000} {}

R {  176} {0} {} {棋室} { } {} {city} {} {} {} {1.000} {qiyuan/qiyuan3}
E {  172} {n} {n} {1} {0} {} {1.000} {}

R {  177} {1026} {} {衙门正厅} { } {} {city} {} {} {} {1.000} {ymzhengting}
E {  152} {s} {s} {4} {0} {} {1.000} {}
E {  178} {e} {e} {2} {0} {} {1.000} {}
E {  179} {w} {w} {8} {0} {} {1.000} {}
E {  180} {n} {n} {1} {0} {} {1.000} {}

R {  178} {0} {} {东厅} { } {} {city} {} {} {} {1.000} {dongting}
E {  177} {w} {w} {8} {0} {} {1.000} {}

R {  179} {0} {} {西厅} { } {} {city} {} {} {} {1.000} {xiting}
E {  177} {e} {e} {2} {0} {} {1.000} {}

R {  180} {0} {} {内宅} { } {} {city} {} {} {} {1.000} {neizhai}
E {  177} {s} {s} {4} {0} {} {1.000} {}

R {  181} {4104} {} {} { } {} {} {} {} {} {1.000} {}
E {  153} {w} {w} {8} {0} {} {1.000} {}
E {  133} {e} {e} {2} {0} {} {1.000} {}

R {  182} {0} {} {马庄正厅} { } {} {city} {} {} {} {1.000} {ma_zhengting}
E {  169} {s} {s} {4} {0} {} {1.000} {}
E {  183} {e} {e} {2} {0} {} {1.000} {}
E {  184} {w} {w} {8} {0} {} {1.000} {}
E {  185} {n} {n} {1} {0} {} {1.000} {}

R {  183} {0} {} {马庄宴厅} { } {} {city} {} {} {} {1.000} {ma_yantinge}
E {  182} {w} {w} {8} {0} {} {1.000} {}

R {  184} {0} {} {马庄宴厅} { } {} {city} {} {} {} {1.000} {ma_yantingw}
E {  182} {e} {e} {2} {0} {} {1.000} {}

R {  185} {0} {} {走廊} { } {} {city} {} {} {} {1.000} {ma_zoulang1}
E {  182} {s} {s} {4} {0} {} {1.000} {}
E {  186} {n} {n} {1} {0} {} {1.000} {}

R {  186} {0} {} {走廊} { } {} {city} {} {} {} {1.000} {ma_zoulang2}
E {  185} {s} {s} {4} {0} {} {1.000} {}
E {  187} {n} {n} {1} {0} {} {1.000} {}

R {  187} {0} {} {练武场} { } {} {city} {} {} {} {1.000} {ma_lianwu1}
E {  186} {s} {s} {4} {0} {} {1.000} {}
E {  188} {w} {w} {8} {0} {} {1.000} {}

R {  188} {0} {} {兵器库} { } {} {city} {} {} {} {1.000} {ma_bingqi}
E {  187} {e} {e} {2} {0} {} {1.000} {}

R {  189} {0} {} {北门} {#} {} {city} {} {} {} {1.000} {beimen}
E {  138} {s} {s} {4} {0} {} {1.000} {}
E {  238} {n} {n} {1} {0} {} {1.000} {}
E {  258} {w} {w} {8} {0} {} {1.000} {}

R {  190} {4104} {} {} { } {} {} {} {} {} {1.000} {}
E {  104} {e} {e} {2} {0} {} {1.000} {}
E {  101} {w} {w} {8} {0} {} {1.000} {}

R {  191} {4104} {} {} { } {} {} {} {} {} {1.000} {}
E {  113} {w} {w} {8} {0} {} {1.000} {}
E {  112} {e} {e} {2} {0} {} {1.000} {}

R {  192} {0} {} {} { } {} {} {} {} {} {1.000} {}
E {  108} {s} {s} {4} {0} {} {1.000} {}

R {  193} {0} {} {青竹林} { } {} {city} {} {} {} {1.000} {ml2}
E {  108} {w} {w} {8} {8} {} {1.000} {}
E {  194} {e} {e} {2} {8} {} {1.000} {}
E {  107} {s} {s} {4} {0} {} {1.000} {}
E {  195} {n} {n} {1} {0} {} {1.000} {}

R {  194} {0} {} {} { } {} {} {} {} {} {1.000} {}
E {  193} {w} {w} {8} {0} {} {1.000} {}

R {  195} {0} {} {青竹林} { } {} {city} {} {} {} {1.000} {ml3}
E {  107} {s} {s} {4} {0} {} {1.000} {}
E {  196} {n} {n} {1} {8} {} {1.000} {}
E {  197} {e} {e} {2} {8} {} {1.000} {}
E {  198} {w} {w} {8} {0} {} {1.000} {}

R {  196} {0} {} {} { } {} {} {} {} {} {1.000} {}
E {  195} {s} {s} {4} {0} {} {1.000} {}

R {  197} {0} {} {} { } {} {} {} {} {} {1.000} {}
E {  195} {w} {w} {8} {0} {} {1.000} {}

R {  198} {0} {} {青竹林} { } {} {city} {} {} {} {1.000} {ml4}
E {  195} {e} {e} {2} {8} {} {1.000} {}
E {  107} {s} {s} {4} {0} {} {1.000} {}
E {  199} {w} {w} {8} {8} {} {1.000} {}
E {  201} {n} {n} {1} {0} {} {1.000} {}

R {  199} {0} {} {} { } {} {} {} {} {} {1.000} {}
E {  198} {e} {e} {2} {0} {} {1.000} {}

R {  200} {0} {} {} { } {} {} {} {} {} {1.000} {}

R {  201} {0} {} {青竹林} { } {} {city} {} {} {} {1.000} {ml5}
E {  107} {s} {s} {4} {0} {} {1.000} {}
E {  202} {w} {w} {8} {8} {} {1.000} {}
E {  203} {n} {n} {1} {8} {} {1.000} {}
E {  204} {e} {e} {2} {0} {} {1.000} {}

R {  202} {0} {} {} { } {} {} {} {} {} {1.000} {}
E {  201} {e} {e} {2} {0} {} {1.000} {}

R {  203} {0} {} {} { } {} {} {} {} {} {1.000} {}
E {  201} {s} {s} {4} {0} {} {1.000} {}

R {  204} {0} {} {青竹林} { } {} {city} {} {} {} {1.000} {ml6}
E {  107} {s} {s} {4} {0} {} {1.000} {}
E {  205} {e} {e} {2} {8} {} {1.000} {}
E {  206} {n} {n} {1} {8} {} {1.000} {}
E {  207} {w} {w} {8} {0} {} {1.000} {}

R {  205} {0} {} {} { } {} {} {} {} {} {1.000} {}
E {  204} {w} {w} {8} {0} {} {1.000} {}

R {  206} {0} {} {} { } {} {} {} {} {} {1.000} {}
E {  204} {s} {s} {4} {0} {} {1.000} {}

R {  207} {0} {} {青竹林} { } {} {city} {} {} {} {1.000} {ml4}
E {  204} {e} {e} {2} {8} {} {1.000} {}
E {  107} {s} {s} {4} {0} {} {1.000} {}
E {  208} {w} {w} {8} {8} {} {1.000} {}
E {  209} {n} {n} {1} {0} {} {1.000} {}

R {  208} {0} {} {} { } {} {} {} {} {} {1.000} {}
E {  207} {e} {e} {2} {0} {} {1.000} {}

R {  209} {0} {} {破庙} { } {} {city} {} {} {} {1.000} {pomiao}
E {  207} {s} {s} {4} {0} {} {1.000} {}
E {  210} {enter} {enter} {28} {0} {} {1.000} {}

R {  210} {0} {} {破庙内部} { } {} {city} {} {} {} {1.000} {gbxiaowu}
E {  209} {out} {out} {35} {0} {} {1.000} {}

R {  211} {2} {} {树林} { } {} {guiyun} {} {} {} {1.000} {shulin1}
E {  112} {nw} {nw} {9} {0} {} {1.000} {}
E {  212} {se} {se} {6} {0} {} {1.000} {}

R {  212} {0} {} {树林} { } {} {guiyun} {} {} {} {1.000} {shulin2}
E {  211} {nw} {nw} {9} {0} {} {1.000} {}
E {  213} {w} {w} {8} {0} {} {1.000} {}
E {  217} {se} {se} {6} {0} {} {1.000} {}

R {  213} {0} {} {树林} { } {} {guiyun} {} {} {} {1.000} {shulin5}
E {  212} {e} {e} {2} {0} {} {1.000} {}
E {  214} {sw} {sw} {12} {0} {} {1.000} {}

R {  214} {0} {} {田地} { } {} {guiyun} {} {} {} {1.000} {tiandi}
E {  213} {ne} {ne} {3} {0} {} {1.000} {}
E {  215} {w} {w} {8} {0} {} {1.000} {}

R {  215} {0} {} {宜兴} { } {} {guiyun} {} {} {} {1.000} {yixing}
E {  214} {e} {e} {2} {0} {} {1.000} {}
E {  216} {s} {s} {4} {0} {} {1.000} {}
E {  285} {nw} {nw} {9} {0} {} {1.000} {}

R {  216} {0} {} {南浔镇} { } {} {guiyun} {} {} {} {1.000} {nanxun}
E {  215} {n} {n} {1} {0} {} {1.000} {}

R {  217} {0} {} {树林} { } {} {guiyun} {} {} {} {1.000} {shulin3}
E {  212} {nw} {nw} {9} {0} {} {1.000} {}
E {  218} {e} {e} {2} {0} {} {1.000} {}

R {  218} {0} {} {树林} { } {} {guiyun} {} {} {} {1.000} {shulin4}
E {  217} {w} {w} {8} {0} {} {1.000} {}
E {  219} {s} {s} {4} {0} {} {1.000} {}

R {  219} {0} {} {山路} { } {} {guiyun} {} {} {} {1.000} {shanlu1}
E {  218} {n} {n} {1} {0} {} {1.000} {}
E {  220} {s} {s} {4} {0} {} {1.000} {}
E {  221} {ne} {ne} {3} {0} {} {1.000} {}

R {  220} {0} {} {太湖} { } {} {guiyun} {} {} {} {1.000} {taihu}
E {  219} {n} {n} {1} {0} {} {1.000} {}

R {  221} {2} {} {山路} { } {} {guiyun} {} {} {} {1.000} {shanlu2}
E {  219} {sw} {sw} {12} {0} {} {1.000} {}
E {  236} {se} {se} {6} {0} {} {1.000} {}

R {  222} {0} {} {青石官道} { } {} {suzhou} {} {} {} {1.000} {road1}
E {  237} {nw} {nw} {9} {0} {} {1.000} {}
E {  223} {s} {s} {4} {0} {} {1.000} {}
E {  224} {sw} {sw} {12} {0} {} {1.000} {}

R {  223} {0} {} {北门} {#} {} {suzhou} {} {} {} {1.000} {beimen}
E {  222} {n} {n} {1} {0} {} {1.000} {}
E {  403} {s} {s} {4} {0} {} {1.000} {}

R {  224} {0} {} {虎丘山} { } {} {suzhou} {} {} {} {1.000} {huqiu}
E {  222} {ne} {ne} {3} {0} {} {1.000} {}
E {  225} {s} {s} {4} {0} {} {1.000} {}

R {  225} {0} {} {头门山} { } {} {suzhou} {} {} {} {1.000} {toumenshan}
E {  224} {n} {n} {1} {0} {} {1.000} {}
E {  226} {w} {w} {8} {0} {} {1.000} {}

R {  226} {0} {} {万景山庄} { } {} {suzhou} {} {} {} {1.000} {wanjing}
E {  225} {e} {e} {2} {0} {} {1.000} {}
E {  227} {n} {n} {1} {0} {} {1.000} {}
E {  228} {w} {w} {8} {0} {} {1.000} {}

R {  227} {0} {} {憨憨泉} { } {} {suzhou} {} {} {} {1.000} {hanhanquan}
E {  226} {s} {s} {4} {0} {} {1.000} {}

R {  228} {0} {} {试剑石} { } {} {suzhou} {} {} {} {1.000} {shijianshi}
E {  226} {e} {e} {2} {0} {} {1.000} {}
E {  229} {n} {n} {1} {0} {} {1.000} {}
E {  231} {s} {s} {4} {0} {} {1.000} {}
E {  235} {w} {w} {8} {0} {} {1.000} {}

R {  229} {0} {} {真娘墓} { } {} {suzhou} {} {} {} {1.000} {zhenniang}
E {  228} {s} {s} {4} {0} {} {1.000} {}
E {  230} {n} {n} {1} {0} {} {1.000} {}

R {  230} {0} {} {孙武亭} { } {} {suzhou} {} {} {} {1.000} {sunwuting}
E {  229} {s} {s} {4} {0} {} {1.000} {}

R {  231} {0} {} {致爽阁} { } {} {suzhou} {} {} {} {1.000} {zhishuang}
E {  228} {n} {n} {1} {0} {} {1.000} {}
E {  232} {s} {s} {4} {0} {} {1.000} {}

R {  232} {0} {} {千人石} { } {} {suzhou} {} {} {} {1.000} {qianrenshi}
E {  231} {n} {n} {1} {0} {} {1.000} {}
E {  233} {e} {e} {2} {0} {} {1.000} {}

R {  233} {0} {} {二仙亭} { } {} {suzhou} {} {} {} {1.000} {erxianting}
E {  232} {w} {w} {8} {0} {} {1.000} {}
E {  234} {n} {n} {1} {0} {} {1.000} {}

R {  234} {0} {} {白莲池} { } {} {suzhou} {} {} {} {1.000} {bailianchi}
E {  233} {s} {s} {4} {0} {} {1.000} {}

R {  235} {0} {} {枕石} { } {} {suzhou} {} {} {} {1.000} {zhenshi}
E {  228} {e} {e} {2} {0} {} {1.000} {}

R {  236} {8} {} {} { } {} {} {} {} {} {1.000} {}
E {  221} {nw} {nw} {9} {0} {} {1.000} {}
E {  237} {se} {se} {6} {0} {} {1.000} {}

R {  237} {8} {} {} { } {} {} {} {} {} {1.000} {}
E {  236} {nw} {nw} {9} {0} {} {1.000} {}
E {  222} {se} {se} {6} {0} {} {1.000} {}

R {  238} {0} {} {大驿道} { } {} {shaolin} {} {} {} {1.000} {yidao}
E {  189} {s} {s} {4} {0} {} {1.000} {}
E {  239} {n} {n} {1} {0} {} {1.000} {}

R {  239} {0} {} {大驿道} { } {} {shaolin} {} {} {} {1.000} {yidao1}
E {  238} {s} {s} {4} {0} {} {1.000} {}
E {  240} {n} {n} {1} {0} {} {1.000} {}

R {  240} {0} {} {大驿道} { } {} {shaolin} {} {} {} {1.000} {yidao2}
E {  239} {s} {s} {4} {0} {} {1.000} {}
E {  241} {e} {e} {2} {0} {} {1.000} {}
E {  242} {n} {n} {1} {0} {} {1.000} {}

R {  241} {0} {} {小院} { } {} {room} {} {} {} {1.000} {xiaoyuan}
E {  240} {w} {w} {8} {0} {} {1.000} {}

R {  242} {0} {} {汉水南岸} {=} {} {shaolin} {} {} {} {1.000} {hanshui1}
E {  240} {s} {s} {4} {0} {} {1.000} {}

R {  243} {0} {} {黄河帮寨门} { } {} {huanghe} {} {} {} {1.000} {huanghegate}
E {  250} {e} {e} {2} {0} {} {1.000} {}
E {  244} {w} {w} {8} {0} {} {1.000} {}

R {  244} {0} {} {广场} { } {} {huanghe} {} {} {} {1.000} {guangchang}
E {  243} {e} {e} {2} {0} {} {1.000} {}
E {  259} {w} {w} {8} {0} {} {1.000} {}

R {  245} {0} {} {树林} { } {} {huanghe} {} {} {} {1.000} {shulin3}
E {  246} {n} {n} {1} {0} {} {1.000} {}
E {  254} {w} {w} {8} {0} {} {1.000} {}
E {  255} {s} {s} {4} {0} {} {1.000} {}

R {  246} {8} {} {树林} { } {} {huanghe} {} {} {} {1.000} {shulin3}
E {  245} {s} {s} {4} {0} {} {1.000} {}
E {  247} {n} {n} {1} {0} {} {1.000} {}

R {  247} {0} {} {田地} { } {} {huanghe} {} {} {} {1.000} {tiandi1}
E {  246} {s} {s} {4} {0} {} {1.000} {}
E {  248} {e} {e} {2} {0} {} {1.000} {}
E {  251} {w} {w} {8} {0} {} {1.000} {}

R {  248} {0} {} {田地} { } {} {huanghe} {} {} {} {1.000} {tiandi3}
E {  247} {w} {w} {8} {0} {} {1.000} {}
E {  249} {ne} {ne} {3} {0} {} {1.000} {}

R {  249} {0} {} {田地} { } {} {huanghe} {} {} {} {1.000} {tiandi4}
E {  248} {sw} {sw} {12} {0} {} {1.000} {}
E {  442} {n} {n} {1} {0} {} {1.000} {}

R {  250} {0} {} {黄河岸边} { } {} {huanghe} {} {} {} {1.000} {huanghe1}
E {  442} {s} {s} {4} {0} {} {1.000} {}
E {  243} {w} {w} {8} {0} {} {1.000} {}
E {  260} {e} {e} {2} {0} {} {1.000} {}

R {  251} {0} {} {田地} { } {} {huanghe} {} {} {} {1.000} {tiandi2}
E {  247} {e} {e} {2} {0} {} {1.000} {}
E {  252} {sw} {sw} {12} {0} {} {1.000} {}

R {  252} {0} {} {树林} { } {} {huanghe} {} {} {} {1.000} {shulin5}
E {  251} {ne} {ne} {3} {0} {} {1.000} {}
E {  253} {w} {w} {8} {0} {} {1.000} {}
E {  254} {se} {se} {6} {0} {} {1.000} {}

R {  253} {0} {} {树林} { } {} {huanghe} {} {} {} {1.000} {shulin6}
E {  252} {e} {e} {2} {0} {} {1.000} {}

R {  254} {0} {} {树林} { } {} {huanghe} {} {} {} {1.000} {shulin4}
E {  252} {nw} {nw} {9} {0} {} {1.000} {}
E {  245} {e} {e} {2} {0} {} {1.000} {}
E {  256} {s} {s} {4} {0} {} {1.000} {}

R {  255} {0} {} {树林} {!} {} {huanghe} {} {} {} {1.000} {shulin1}
E {  245} {n} {n} {1} {0} {} {1.000} {}
E {  256} {w} {w} {8} {0} {} {1.000} {}
E {  257} {e} {e} {2} {0} {} {1.000} {}

R {  256} {0} {} {树林} { } {} {huanghe} {} {} {} {1.000} {shulin2}
E {  255} {e} {e} {2} {0} {} {1.000} {}
E {  254} {n} {n} {1} {0} {} {1.000} {}

R {  257} {0} {} {草地} { } {} {huanghe} {} {} {} {1.000} {caodi2}
E {  255} {w} {w} {8} {0} {} {1.000} {}
E {  258} {e} {e} {2} {0} {} {1.000} {}

R {  258} {0} {} {草地} { } {} {huanghe} {} {} {} {1.000} {caodi1}
E {  257} {w} {w} {8} {0} {} {1.000} {}
E {  189} {e} {e} {2} {0} {} {1.000} {}

R {  259} {0} {} {侠义厅} { } {} {huanghe} {} {} {} {1.000} {xiayiting}
E {  244} {e} {e} {2} {0} {} {1.000} {}

R {  260} {0} {} {黄河岸边} { } {} {huanghe} {} {} {} {1.000} {huanghe2}
E {  250} {w} {w} {8} {0} {} {1.000} {}
E {  261} {e} {e} {2} {0} {} {1.000} {}

R {  261} {0} {} {黄河岸边} { } {} {huanghe} {} {} {} {1.000} {huanghe3}
E {  260} {w} {w} {8} {0} {} {1.000} {}
E {  262} {e} {e} {2} {0} {} {1.000} {}

R {  262} {0} {} {黄河岸边} { } {} {huanghe} {} {} {} {1.000} {huanghe4}
E {  261} {w} {w} {8} {0} {} {1.000} {}
E {  263} {ne} {ne} {3} {0} {} {1.000} {}

R {  263} {0} {} {黄河岸边} { } {} {huanghe} {} {} {} {1.000} {huanghe5}
E {  262} {sw} {sw} {12} {0} {} {1.000} {}
E {  439} {e} {e} {2} {0} {} {1.000} {}
E {  265} {ne} {ne} {3} {0} {} {1.000} {}

R {  264} {2} {} {岱宗坊} { } {} {taishan} {} {} {} {1.000} {daizong}
E {  438} {w} {w} {8} {0} {} {1.000} {}
E {  268} {s} {s} {4} {0} {} {1.000} {}
E {  269} {nu} {nu} {17} {0} {} {1.000} {}

R {  265} {0} {} {黄河岸边} { } {} {huanghe} {} {} {} {1.000} {huanghe6}
E {  263} {sw} {sw} {12} {0} {} {1.000} {}
E {  266} {ne} {ne} {3} {0} {} {1.000} {}

R {  266} {0} {} {黄河岸边} { } {} {huanghe} {} {} {} {1.000} {huanghe7}
E {  265} {sw} {sw} {12} {0} {} {1.000} {}
E {  267} {ne} {ne} {3} {0} {} {1.000} {}

R {  267} {0} {} {黄河入海口} { } {} {huanghe} {} {} {} {1.000} {huanghe8}
E {  266} {sw} {sw} {12} {0} {} {1.000} {}

R {  268} {0} {} {泰山脚下} { } {} {taishan} {} {} {} {1.000} {taishanjiao}
E {  264} {n} {n} {1} {0} {} {1.000} {}
E {  272} {s} {s} {4} {0} {} {1.000} {}

R {  269} {0} {} {白鹤泉} { } {} {taishan} {} {} {} {1.000} {baihe}
E {  264} {sd} {sd} {36} {0} {} {1.000} {}
E {  270} {nu} {nu} {17} {0} {} {1.000} {}

R {  270} {0} {} {一天门} { } {} {taishan} {} {} {} {1.000} {yitian}
E {  269} {sd} {sd} {36} {0} {} {1.000} {}
E {  271} {nu} {nu} {17} {0} {} {1.000} {}

R {  271} {0} {} {斗母宫} { } {} {taishan} {} {} {} {1.000} {doumo}
E {  270} {sd} {sd} {36} {0} {} {1.000} {}

R {  272} {0} {} {大驿道} { } {} {taishan} {} {} {} {1.000} {yidao3}
E {  268} {n} {n} {1} {0} {} {1.000} {}
E {  273} {s} {s} {4} {0} {} {1.000} {}

R {  273} {0} {} {大驿道} { } {} {taishan} {} {} {} {1.000} {yidao2}
E {  272} {n} {n} {1} {0} {} {1.000} {}
E {  274} {sw} {sw} {12} {0} {} {1.000} {}

R {  274} {0} {} {大驿道} { } {} {taishan} {} {} {} {1.000} {yidao1}
E {  273} {ne} {ne} {3} {0} {} {1.000} {}
E {  441} {w} {w} {8} {0} {} {1.000} {}
E {  395} {se} {se} {6} {0} {} {1.000} {}

R {  275} {2} {} {大驿道} { } {} {taishan} {} {} {} {1.000} {yidao}
E {  441} {e} {e} {2} {0} {} {1.000} {}
E {  440} {w} {w} {8} {0} {} {1.000} {}

R {  276} {0} {} {醉仙楼} { } {} {city} {} {} {} {1.000} {zuixianlou}
E {  138} {w} {w} {8} {0} {} {1.000} {}
E {  277} {e} {e} {2} {0} {} {1.000} {}
E {  404} {u} {u} {16} {0} {} {1.000} {}

R {  277} {0} {} {马厩} {&} {} {city} {} {} {} {1.000} {majiu}
E {  276} {w} {w} {8} {0} {} {1.000} {}
E {  278} {n} {n} {1} {0} {} {1.000} {}

R {  278} {0} {} {猪圈} { } {} {city} {} {} {} {1.000} {zhujuan}
E {  277} {s} {s} {4} {0} {} {1.000} {}

R {  279} {0} {} {青石大道} { } {} {wudang} {} {} {} {1.000} {wdroad1}
E {  117} {n} {n} {1} {0} {} {1.000} {}
E {  280} {s} {s} {4} {0} {} {1.000} {}

R {  280} {2} {} {青石大道} { } {} {wudang} {} {} {} {1.000} {wdroad2}
E {  279} {n} {n} {1} {0} {} {1.000} {}
E {  325} {s} {s} {4} {0} {} {1.000} {}
E {  285} {se} {se} {6} {0} {} {1.000} {}

R {  281} {0} {} {青石大道} { } {} {wudang} {} {} {} {1.000} {wdroad3}
E {  325} {n} {n} {1} {0} {} {1.000} {}
E {  326} {s} {s} {4} {0} {} {1.000} {}

R {  282} {0} {} {青石大道} { } {} {wudang} {} {} {} {1.000} {wdroad4}
E {  326} {n} {n} {1} {0} {} {1.000} {}
E {  323} {w} {w} {8} {0} {} {1.000} {}
E {  284} {e} {e} {2} {0} {} {1.000} {}
E {  342} {su} {su} {20} {0} {} {1.000} {}

R {  283} {0} {} {青石大道} { } {} {wudang} {} {} {} {1.000} {wdroad5}
E {  311} {e} {e} {2} {0} {} {1.000} {}
E {  327} {n} {n} {1} {0} {} {1.000} {}
E {  312} {nw} {nw} {9} {0} {} {1.000} {}
E {  437} {sd} {sd} {36} {0} {} {1.000} {}

R {  284} {2} {} {树林} { } {} {xiaoyao} {} {} {} {1.000} {shulin3}
E {  282} {w} {w} {8} {0} {} {1.000} {}
E {  287} {s} {s} {4} {8} {} {1.000} {}
E {  288} {n} {n} {1} {8} {} {1.000} {}
E {  289} {e} {e} {2} {0} {} {1.000} {}

R {  285} {8} {} {} { } {} {} {} {} {} {1.000} {}
E {  280} {nw} {nw} {9} {0} {} {1.000} {}
E {  215} {se} {se} {6} {0} {} {1.000} {}

R {  286} {2} {} {草地} { } {} {xiangyang} {} {} {} {1.000} {caodi6}
E {  322} {s} {s} {4} {0} {} {1.000} {}
E {  417} {n} {n} {1} {0} {} {1.000} {}

R {  287} {0} {} {树林} { } {} {xiaoyao} {} {} {} {1.000} {shulin3}
E {  284} {n} {n} {1} {0} {} {1.000} {}

R {  288} {0} {} {树林} { } {} {xiaoyao} {} {} {} {1.000} {shulin3}
E {  284} {s} {s} {4} {0} {} {1.000} {}

R {  289} {0} {} {树林} { } {} {xiaoyao} {} {} {} {1.000} {shulin2}
E {  284} {w} {w} {8} {8} {} {1.000} {}
E {  291} {e} {e} {2} {8} {} {1.000} {}
E {  284} {n} {n} {1} {0} {} {1.000} {}
E {  290} {s} {s} {4} {0} {} {1.000} {}

R {  290} {0} {} {树林} { } {} {xiaoyao} {} {} {} {1.000} {shulin1}
E {  289} {n} {n} {1} {8} {} {1.000} {}
E {  292} {s} {s} {4} {8} {} {1.000} {}
E {  289} {e} {e} {2} {0} {} {1.000} {}
E {  293} {w} {w} {8} {0} {} {1.000} {}

R {  291} {0} {} {树林} { } {} {xiaoyao} {} {} {} {1.000} {shulin2}
E {  289} {w} {w} {8} {0} {} {1.000} {}

R {  292} {0} {} {树林} { } {} {xiaoyao} {} {} {} {1.000} {shulin1}
E {  290} {n} {n} {1} {0} {} {1.000} {}

R {  293} {0} {} {林间小道} { } {} {xiaoyao} {} {} {} {1.000} {xiaodao4}
E {  290} {e} {e} {2} {0} {} {1.000} {}
E {  294} {s} {s} {4} {0} {} {1.000} {}
E {  296} {w} {w} {8} {0} {} {1.000} {}
E {  297} {n} {n} {1} {0} {} {1.000} {}

R {  294} {0} {} {木板路} { } {} {xiaoyao} {} {} {} {1.000} {mubanlu}
E {  293} {n} {n} {1} {0} {} {1.000} {}
E {  295} {s} {s} {4} {0} {} {1.000} {}

R {  295} {0} {} {工匠屋} { } {} {xiaoyao} {} {} {} {1.000} {muwu3}
E {  294} {n} {n} {1} {0} {} {1.000} {}

R {  296} {0} {} {青草坪} { } {} {xiaoyao} {} {} {} {1.000} {qingcaop}
E {  293} {e} {e} {2} {0} {} {1.000} {}
E {  298} {s} {s} {4} {0} {} {1.000} {}
E {  300} {w} {w} {8} {0} {} {1.000} {}
E {  301} {n} {n} {1} {0} {} {1.000} {}
E {  303} {enter} {enter} {28} {0} {} {1.000} {}

R {  297} {0} {} {石屋} { } {} {xiaoyao} {} {} {} {1.000} {liangong}
E {  293} {s} {s} {4} {0} {} {1.000} {}

R {  298} {0} {} {林间小道} { } {} {xiaoyao} {} {} {} {1.000} {xiaodao5}
E {  296} {n} {n} {1} {0} {} {1.000} {}
E {  299} {s} {s} {4} {0} {} {1.000} {}

R {  299} {0} {} {木屋} { } {} {xiaoyao} {} {} {} {1.000} {muwu1}
E {  298} {n} {n} {1} {0} {} {1.000} {}

R {  300} {0} {} {林间小道} { } {} {xiaoyao} {} {} {} {1.000} {xiaodao1}
E {  296} {e} {e} {2} {0} {} {1.000} {}
E {  304} {w} {w} {8} {0} {} {1.000} {}
E {  305} {s} {s} {4} {0} {} {1.000} {}
E {  306} {n} {n} {1} {0} {} {1.000} {}

R {  301} {0} {} {林间小道} { } {} {xiaoyao} {} {} {} {1.000} {xiaodao3}
E {  296} {s} {s} {4} {0} {} {1.000} {}
E {  302} {n} {n} {1} {0} {} {1.000} {}

R {  302} {0} {} {小木屋} { } {} {xiaoyao} {} {} {} {1.000} {muwu2}
E {  301} {s} {s} {4} {0} {} {1.000} {}

R {  303} {0} {} {秘密通道} { } {} {xiaoyao} {} {} {} {1.000} {midao}
E {  296} {out} {out} {35} {0} {} {1.000} {}

R {  304} {0} {} {林间小道} { } {} {xiaoyao} {} {} {} {1.000} {xiaodao2}
E {  300} {e} {e} {2} {0} {} {1.000} {}
E {  308} {n} {n} {1} {0} {} {1.000} {}
E {  309} {s} {s} {4} {0} {} {1.000} {}
E {  310} {w} {w} {8} {0} {} {1.000} {}

R {  305} {0} {} {逍遥场} { } {} {xiaoyao} {} {} {} {1.000} {wuchang2}
E {  300} {n} {n} {1} {0} {} {1.000} {}

R {  306} {0} {} {逍遥场} { } {} {xiaoyao} {} {} {} {1.000} {wuchang1}
E {  300} {s} {s} {4} {0} {} {1.000} {}
E {  307} {n} {n} {1} {0} {} {1.000} {}

R {  307} {0} {} {逍遥场} { } {} {xiaoyao} {} {} {} {1.000} {wuchang3}
E {  306} {s} {s} {4} {0} {} {1.000} {}

R {  308} {0} {} {打铁屋} { } {} {xiaoyao} {} {} {} {1.000} {bingqif}
E {  304} {s} {s} {4} {0} {} {1.000} {}

R {  309} {0} {} {酒家} { } {} {xiaoyao} {} {} {} {1.000} {shantang}
E {  304} {n} {n} {1} {0} {} {1.000} {}

R {  310} {0} {} {小屋} { } {} {xiaoyao} {} {} {} {1.000} {xiuxis}
E {  304} {e} {e} {2} {0} {} {1.000} {}

R {  311} {8} {} {} { } {} {} {} {} {} {1.000} {}
E {  283} {w} {w} {8} {0} {} {1.000} {}
E {  323} {e} {e} {2} {0} {} {1.000} {}

R {  312} {0} {} {小路} { } {} {wudang} {} {} {} {1.000} {wdroad6}
E {  283} {se} {se} {6} {0} {} {1.000} {}
E {  313} {s} {s} {4} {0} {} {1.000} {}
E {  314} {w} {w} {8} {0} {} {1.000} {}

R {  313} {0} {} {小土屋} { } {} {wudang} {} {} {} {1.000} {house}
E {  312} {n} {n} {1} {0} {} {1.000} {}

R {  314} {0} {} {小路} { } {} {wudang} {} {} {} {1.000} {wdroad7}
E {  312} {e} {e} {2} {0} {} {1.000} {}
E {  315} {sw} {sw} {12} {0} {} {1.000} {}

R {  315} {0} {} {小路} { } {} {wudang} {} {} {} {1.000} {wdroad8}
E {  314} {ne} {ne} {3} {0} {} {1.000} {}
E {  316} {w} {w} {8} {0} {} {1.000} {}

R {  316} {0} {} {三不管} { } {} {wudang} {} {} {} {1.000} {sanbuguan}
E {  315} {e} {e} {2} {0} {} {1.000} {}
E {  317} {sw} {sw} {12} {0} {} {1.000} {}
E {  335} {se} {se} {6} {0} {} {1.000} {}

R {  317} {2} {} {大道} { } {} {emei} {} {} {} {1.000} {wdroad}
E {  316} {ne} {ne} {3} {0} {} {1.000} {}
E {  318} {sw} {sw} {12} {0} {} {1.000} {}

R {  318} {0} {} {小路} { } {} {emei} {} {} {} {1.000} {xiaolu1}
E {  317} {ne} {ne} {3} {0} {} {1.000} {}

R {  319} {0} {} {黄土路} { } {} {wudang} {} {} {} {1.000} {wdroad9}
E {  335} {nw} {nw} {9} {0} {} {1.000} {}
E {  334} {s} {s} {4} {0} {} {1.000} {}
E {  329} {se} {se} {6} {0} {} {1.000} {}

R {  320} {0} {} {黄土路} { } {} {wudang} {} {} {} {1.000} {wdroad10}
E {  334} {n} {n} {1} {0} {} {1.000} {}
E {  330} {w} {w} {8} {0} {} {1.000} {}
E {  338} {su} {su} {20} {0} {} {1.000} {}

R {  321} {2} {} {林间道} { } {} {henshan} {} {} {} {1.000} {hsroad8}
E {  328} {nw} {nw} {9} {0} {} {1.000} {}
E {  343} {s} {s} {4} {0} {} {1.000} {}

R {  322} {8} {} {} { } {} {} {} {} {} {1.000} {}
E {  286} {n} {n} {1} {0} {} {1.000} {}
E {  324} {s} {s} {4} {0} {} {1.000} {}

R {  323} {8} {} {} { } {} {} {} {} {} {1.000} {}
E {  311} {w} {w} {8} {0} {} {1.000} {}
E {  282} {e} {e} {2} {0} {} {1.000} {}

R {  324} {8} {} {} { } {} {} {} {} {} {1.000} {}
E {  322} {n} {n} {1} {0} {} {1.000} {}
E {  327} {s} {s} {4} {0} {} {1.000} {}

R {  325} {8} {} {} { } {} {} {} {} {} {1.000} {}
E {  281} {s} {s} {4} {0} {} {1.000} {}
E {  280} {n} {n} {1} {0} {} {1.000} {}

R {  326} {8} {} {} { } {} {} {} {} {} {1.000} {}
E {  282} {s} {s} {4} {0} {} {1.000} {}
E {  281} {n} {n} {1} {0} {} {1.000} {}

R {  327} {8} {} {} { } {} {} {} {} {} {1.000} {}
E {  324} {n} {n} {1} {0} {} {1.000} {}
E {  283} {s} {s} {4} {0} {} {1.000} {}

R {  328} {8} {} {} { } {} {} {} {} {} {1.000} {}
E {  321} {se} {se} {6} {0} {} {1.000} {}
E {  329} {nw} {nw} {9} {0} {} {1.000} {}

R {  329} {8} {} {} { } {} {} {} {} {} {1.000} {}
E {  328} {se} {se} {6} {0} {} {1.000} {}
E {  319} {nw} {nw} {9} {0} {} {1.000} {}

R {  330} {0} {} {松林小路} { } {} {wudang} {} {} {} {1.000} {slxl1}
E {  320} {e} {e} {2} {0} {} {1.000} {}
E {  331} {w} {w} {8} {0} {} {1.000} {}

R {  331} {0} {} {松林小路} {<} {} {wudang} {} {} {} {1.000} {slxl2}
E {  330} {e} {e} {2} {0} {} {1.000} {}
E {  332} {n} {n} {1} {0} {} {1.000} {}
E {  336} {s} {s} {4} {0} {} {1.000} {}
E {  344} {wu} {wu} {24} {0} {} {1.000} {}

R {  332} {0} {} {松林} { } {} {wudang} {} {} {} {1.000} {songlin2}
E {  331} {s} {s} {4} {0} {} {1.000} {}
E {  333} {n} {n} {1} {0} {} {1.000} {}

R {  333} {0} {} {松林} { } {} {wudang} {} {} {} {1.000} {songlin4}
E {  332} {s} {s} {4} {0} {} {1.000} {}

R {  334} {8} {} {} { } {} {} {} {} {} {1.000} {}
E {  320} {s} {s} {4} {0} {} {1.000} {}
E {  319} {n} {n} {1} {0} {} {1.000} {}

R {  335} {8} {} {} { } {} {} {} {} {} {1.000} {}
E {  319} {se} {se} {6} {0} {} {1.000} {}
E {  316} {nw} {nw} {9} {0} {} {1.000} {}

R {  336} {0} {} {松林} { } {} {wudang} {} {} {} {1.000} {songlin1}
E {  331} {n} {n} {1} {0} {} {1.000} {}
E {  337} {s} {s} {4} {0} {} {1.000} {}

R {  337} {0} {} {松林} { } {} {wudang} {} {} {} {1.000} {songlin3}
E {  336} {n} {n} {1} {0} {} {1.000} {}

R {  338} {0} {} {林中小路} { } {} {wudang} {} {} {} {1.000} {tufeiwo1}
E {  320} {nd} {nd} {33} {0} {} {1.000} {}
E {  339} {s} {s} {4} {0} {} {1.000} {}

R {  339} {0} {} {林中小路} { } {} {wudang} {} {} {} {1.000} {tufeiwo2}
E {  338} {n} {n} {1} {0} {} {1.000} {}
E {  340} {e} {e} {2} {0} {} {1.000} {}

R {  340} {0} {} {林中小路} { } {} {wudang} {} {} {} {1.000} {tufeiwo3}
E {  339} {w} {w} {8} {0} {} {1.000} {}

R {  341} {0} {} {东大街} { } {} {jingzhou} {} {} {} {1.000} {dongdajie2}
E {  433} {e} {e} {2} {0} {} {1.000} {}
E {  416} {w} {w} {8} {0} {} {1.000} {}
E {  443} {n} {n} {1} {0} {} {1.000} {}
E {  444} {s} {s} {4} {0} {} {1.000} {}

R {  342} {0} {} {土路} { } {} {henshan} {} {} {} {1.000} {hsroad1}
E {  282} {nd} {nd} {33} {0} {} {1.000} {}
E {  389} {se} {se} {6} {0} {} {1.000} {}

R {  343} {0} {} {林间大道} { } {} {henshan} {} {} {} {1.000} {hsroad7}
E {  321} {n} {n} {1} {0} {} {1.000} {}

R {  344} {0} {} {解剑岩} { } {} {wudang} {} {} {} {1.000} {jiejianyan}
E {  331} {ed} {ed} {34} {0} {} {1.000} {}
E {  345} {wu} {wu} {24} {0} {} {1.000} {}

R {  345} {0} {} {松林小路} { } {} {wudang} {} {} {} {1.000} {slxl3}
E {  344} {ed} {ed} {34} {0} {} {1.000} {}
E {  346} {w} {w} {8} {0} {} {1.000} {}

R {  346} {0} {} {玄岳门} { } {} {wudang} {} {} {} {1.000} {xuanyuegate}
E {  345} {e} {e} {2} {0} {} {1.000} {}
E {  347} {su} {su} {20} {0} {} {1.000} {}

R {  347} {0} {} {石阶} { } {} {wudang} {} {} {} {1.000} {shijie1}
E {  346} {nd} {nd} {33} {0} {} {1.000} {}
E {  348} {su} {su} {20} {0} {} {1.000} {}

R {  348} {0} {} {遇真宫} { } {} {wudang} {} {} {} {1.000} {yuzhengong}
E {  347} {nd} {nd} {33} {0} {} {1.000} {}
E {  349} {su} {su} {20} {0} {} {1.000} {}

R {  349} {0} {} {武当柏林} { } {} {wudang} {} {} {} {1.000} {wdbl}
E {  348} {nd} {nd} {33} {0} {} {1.000} {}
E {  350} {su} {su} {20} {0} {} {1.000} {}

R {  350} {0} {} {好汉坡} { } {} {wudang} {} {} {} {1.000} {haohanpo}
E {  349} {nd} {nd} {33} {0} {} {1.000} {}
E {  351} {sd} {sd} {36} {0} {} {1.000} {}

R {  351} {0} {} {山路} { } {} {wudang} {} {} {} {1.000} {shanlu1}
E {  350} {nu} {nu} {17} {0} {} {1.000} {}
E {  352} {e} {e} {2} {0} {} {1.000} {}
E {  353} {su} {su} {20} {0} {} {1.000} {}

R {  352} {0} {} {磨针井} { } {} {wudang} {} {} {} {1.000} {mozhenjing}
E {  351} {w} {w} {8} {0} {} {1.000} {}

R {  353} {0} {} {太子坡} { } {} {wudang} {} {} {} {1.000} {taizipo}
E {  351} {nd} {nd} {33} {0} {} {1.000} {}
E {  354} {e} {e} {2} {0} {} {1.000} {}
E {  355} {sd} {sd} {36} {0} {} {1.000} {}

R {  354} {0} {} {复真观五层楼} { } {} {wudang} {} {} {} {1.000} {fuzhenguan}
E {  353} {w} {w} {8} {0} {} {1.000} {}

R {  355} {0} {} {石梁} { } {} {wudang} {} {} {} {1.000} {shiliang}
E {  353} {nu} {nu} {17} {0} {} {1.000} {}
E {  356} {e} {e} {2} {0} {} {1.000} {}
E {  357} {su} {su} {20} {0} {} {1.000} {}

R {  356} {0} {} {小吃店} { } {} {wudang} {} {} {} {1.000} {shop}
E {  355} {w} {w} {8} {0} {} {1.000} {}

R {  357} {0} {} {十八盘} { } {} {wudang} {} {} {} {1.000} {shibapan}
E {  355} {nd} {nd} {33} {0} {} {1.000} {}
E {  358} {su} {su} {20} {0} {} {1.000} {}

R {  358} {0} {} {石阶} { } {} {wudang} {} {} {} {1.000} {shijie2}
E {  357} {nd} {nd} {33} {0} {} {1.000} {}
E {  359} {su} {su} {20} {0} {} {1.000} {}

R {  359} {0} {} {紫霄宫大门} { } {} {wudang} {} {} {} {1.000} {zixiaogate}
E {  358} {nd} {nd} {33} {0} {} {1.000} {}
E {  360} {su} {su} {20} {0} {} {1.000} {}

R {  360} {0} {} {武当广场} { } {} {wudang} {} {} {} {1.000} {guangchang}
E {  359} {nd} {nd} {33} {0} {} {1.000} {}
E {  361} {e} {e} {2} {0} {} {1.000} {}
E {  384} {s} {s} {4} {0} {} {1.000} {}

R {  361} {0} {} {山路} { } {} {wudang} {} {} {} {1.000} {shanlu2}
E {  360} {w} {w} {8} {0} {} {1.000} {}
E {  362} {e} {e} {2} {0} {} {1.000} {}

R {  362} {0} {} {山路} { } {} {wudang} {} {} {} {1.000} {shanlu3}
E {  361} {w} {w} {8} {0} {} {1.000} {}
E {  363} {su} {su} {20} {0} {} {1.000} {}

R {  363} {0} {} {山路} { } {} {wudang} {} {} {} {1.000} {shanlu4}
E {  362} {nd} {nd} {33} {0} {} {1.000} {}
E {  364} {su} {su} {20} {0} {} {1.000} {}

R {  364} {0} {} {太子岩} { } {} {wudang} {} {} {} {1.000} {taiziyan}
E {  363} {nd} {nd} {33} {0} {} {1.000} {}
E {  365} {sd} {sd} {36} {0} {} {1.000} {}

R {  365} {0} {} {榔梅园} { } {} {wudang} {} {} {} {1.000} {langmeiyuan}
E {  364} {nu} {nu} {17} {0} {} {1.000} {}
E {  366} {su} {su} {20} {0} {} {1.000} {}
E {  379} {wu} {wu} {24} {0} {} {1.000} {}

R {  366} {0} {} {乌鸦岭} { } {} {wudang} {} {} {} {1.000} {wuyaling}
E {  365} {nd} {nd} {33} {0} {} {1.000} {}
E {  367} {su} {su} {20} {0} {} {1.000} {}

R {  367} {0} {} {三老峰} { } {} {wudang} {} {} {} {1.000} {sanlaofeng}
E {  366} {nd} {nd} {33} {0} {} {1.000} {}
E {  368} {su} {su} {20} {0} {} {1.000} {}

R {  368} {0} {} {五老峰} { } {} {wudang} {} {} {} {1.000} {wulaofeng}
E {  367} {nd} {nd} {33} {0} {} {1.000} {}
E {  369} {su} {su} {20} {0} {} {1.000} {}

R {  369} {0} {} {虎头岩} { } {} {wudang} {} {} {} {1.000} {hutouyan}
E {  368} {nd} {nd} {33} {0} {} {1.000} {}
E {  370} {su} {su} {20} {0} {} {1.000} {}

R {  370} {0} {} {朝天宫} { } {} {wudang} {} {} {} {1.000} {chaotiangong}
E {  369} {nd} {nd} {33} {0} {} {1.000} {}
E {  371} {s} {s} {4} {0} {} {1.000} {}

R {  371} {0} {} {会仙桥} { } {} {wudang} {} {} {} {1.000} {huixianqiao}
E {  370} {n} {n} {1} {0} {} {1.000} {}
E {  372} {s} {s} {4} {0} {} {1.000} {}

R {  372} {0} {} {头天门} { } {} {wudang} {} {} {} {1.000} {toutiangate}
E {  371} {n} {n} {1} {0} {} {1.000} {}
E {  373} {su} {su} {20} {0} {} {1.000} {}

R {  373} {0} {} {二天门} { } {} {wudang} {} {} {} {1.000} {ertiangate}
E {  372} {nd} {nd} {33} {0} {} {1.000} {}
E {  374} {su} {su} {20} {0} {} {1.000} {}

R {  374} {0} {} {三天门} { } {} {wudang} {} {} {} {1.000} {santiangate}
E {  373} {nd} {nd} {33} {0} {} {1.000} {}
E {  375} {su} {su} {20} {0} {} {1.000} {}

R {  375} {0} {} {金顶} { } {} {wudang} {} {} {} {1.000} {jinding}
E {  374} {nd} {nd} {33} {0} {} {1.000} {}
E {  376} {s} {s} {4} {0} {} {1.000} {}
E {  378} {w} {w} {8} {0} {} {1.000} {}

R {  376} {0} {} {紫金城} { } {} {wudang} {} {} {} {1.000} {zijincheng}
E {  375} {n} {n} {1} {0} {} {1.000} {}
E {  377} {s} {s} {4} {0} {} {1.000} {}

R {  377} {0} {} {金殿} { } {} {wudang} {} {} {} {1.000} {jindian}
E {  376} {n} {n} {1} {0} {} {1.000} {}

R {  378} {0} {} {十二莲台} { } {} {wudang} {} {} {} {1.000} {shierliantai}
E {  375} {e} {e} {2} {0} {} {1.000} {}

R {  379} {0} {} {南岩峰} { } {} {wudang} {} {} {} {1.000} {nanyanfeng}
E {  365} {ed} {ed} {34} {0} {} {1.000} {}
E {  380} {w} {w} {8} {0} {} {1.000} {}
E {  381} {sd} {sd} {36} {0} {} {1.000} {}

R {  380} {0} {} {舍身崖} { } {} {wudang} {} {} {} {1.000} {sheshenya}
E {  379} {e} {e} {2} {0} {} {1.000} {}

R {  381} {0} {} {石柱} { } {} {wudang} {} {} {} {1.000} {shizhu}
E {  379} {nu} {nu} {17} {0} {} {1.000} {}
E {  382} {enter} {enter} {28} {0} {} {1.000} {}

R {  382} {0} {} {南岩宫} { } {} {wudang} {} {} {} {1.000} {nanyangong}
E {  381} {out} {out} {35} {0} {} {1.000} {}
E {  383} {su} {su} {20} {0} {} {1.000} {}

R {  383} {0} {} {南岩宫高台} { } {} {wudang} {} {} {} {1.000} {gaotai}
E {  382} {nd} {nd} {33} {0} {} {1.000} {}

R {  384} {0} {} {三清殿} { } {} {wudang} {} {} {} {1.000} {sanqingdian}
E {  360} {n} {n} {1} {0} {} {1.000} {}
E {  385} {w} {w} {8} {0} {} {1.000} {}
E {  386} {e} {e} {2} {0} {} {1.000} {}
E {  388} {s} {s} {4} {0} {} {1.000} {}

R {  385} {0} {} {} { } {} {} {} {} {} {1.000} {}
E {  384} {e} {e} {2} {0} {} {1.000} {}

R {  386} {0} {} {东厢走廊} { } {} {wudang} {} {} {} {1.000} {donglang1}
E {  384} {w} {w} {8} {0} {} {1.000} {}
E {  387} {e} {e} {2} {0} {} {1.000} {}

R {  387} {0} {} {东厢走廊} { } {} {wudang} {} {} {} {1.000} {donglang2}
E {  386} {w} {w} {8} {0} {} {1.000} {}

R {  388} {0} {} {} { } {} {} {} {} {} {1.000} {}
E {  384} {n} {n} {1} {0} {} {1.000} {}

R {  389} {2} {} {土路} { } {} {henshan} {} {} {} {1.000} {hsroad2}
E {  342} {nw} {nw} {9} {0} {} {1.000} {}
E {  390} {se} {se} {6} {0} {} {1.000} {}

R {  390} {0} {} {闽赣古道} { } {} {fuzhou} {} {} {} {1.000} {fzroad7}
E {  389} {nw} {nw} {9} {0} {} {1.000} {}
E {  391} {eu} {eu} {18} {0} {} {1.000} {}

R {  391} {0} {} {闽赣古道} { } {} {fuzhou} {} {} {} {1.000} {fzroad6}
E {  390} {wd} {wd} {40} {0} {} {1.000} {}
E {  392} {ed} {ed} {34} {0} {} {1.000} {}

R {  392} {0} {} {闽赣古道} { } {} {fuzhou} {} {} {} {1.000} {fzroad5}
E {  391} {wu} {wu} {24} {0} {} {1.000} {}
E {  393} {ne} {ne} {3} {0} {} {1.000} {}

R {  393} {0} {} {闽赣古道} { } {} {fuzhou} {} {} {} {1.000} {fzroad4}
E {  392} {sw} {sw} {12} {0} {} {1.000} {}
E {  394} {ne} {ne} {3} {0} {} {1.000} {}

R {  394} {0} {} {延平府} { } {} {fuzhou} {} {} {} {1.000} {yanping}
E {  393} {sw} {sw} {12} {0} {} {1.000} {}

R {  395} {0} {} {山路} { } {} {quanzhou} {} {} {} {1.000} {qzroad1}
E {  274} {nw} {nw} {9} {0} {} {1.000} {}
E {  396} {s} {s} {4} {0} {} {1.000} {}

R {  396} {0} {} {山路} { } {} {quanzhou} {} {} {} {1.000} {qzroad2}
E {  395} {n} {n} {1} {0} {} {1.000} {}

R {  397} {0} {} {草地} { } {} {city} {} {} {} {1.000} {jiaowai8}
E {  117} {e} {e} {2} {0} {} {1.000} {}
E {  398} {w} {w} {8} {0} {} {1.000} {}

R {  398} {0} {} {密林} {!} {} {city} {} {} {} {1.000} {jiaowai9}
E {  397} {e} {e} {2} {0} {} {1.000} {}
E {  399} {w} {w} {8} {0} {} {1.000} {}

R {  399} {0} {} {密林} { } {} {city} {} {} {} {1.000} {jiaowai10}
E {  398} {e} {e} {2} {0} {} {1.000} {}
E {  400} {w} {w} {8} {0} {} {1.000} {}
E {  402} {n} {n} {1} {0} {} {1.000} {}

R {  400} {0} {} {密林} {!} {} {city} {} {} {} {1.000} {jiaowai11}
E {  399} {e} {e} {2} {0} {} {1.000} {}
E {  401} {n} {n} {1} {0} {} {1.000} {}

R {  401} {0} {} {密林} { } {} {city} {} {} {} {1.000} {jiaowai13}
E {  400} {s} {s} {4} {0} {} {1.000} {}
E {  402} {e} {e} {2} {0} {} {1.000} {}

R {  402} {0} {} {密林} {!} {} {city} {} {} {} {1.000} {jiaowai12}
E {  401} {w} {w} {8} {0} {} {1.000} {}
E {  399} {s} {s} {4} {0} {} {1.000} {}

R {  403} {0} {} {北大街} { } {} {suzhou} {} {} {} {1.000} {beidajie2}
E {  223} {n} {n} {1} {0} {} {1.000} {}

R {  404} {0} {} {醉仙楼二楼} { } {} {city} {} {} {} {1.000} {zuixianlou2}
E {  276} {d} {d} {32} {0} {} {1.000} {}

R {  405} {2} {} {大道} { } {} {jingzhou} {} {} {} {1.000} {road1}
E {  412} {ne} {ne} {3} {0} {} {1.000} {}
E {  406} {sw} {sw} {12} {0} {} {1.000} {}

R {  406} {0} {} {大道} { } {} {jingzhou} {} {} {} {1.000} {road2}
E {  405} {ne} {ne} {3} {0} {} {1.000} {}
E {  413} {sw} {sw} {12} {0} {} {1.000} {}

R {  407} {2} {} {关洛道} { } {} {changan} {} {} {} {1.000} {road8}
E {  411} {e} {e} {2} {0} {} {1.000} {}
E {  408} {w} {w} {8} {0} {} {1.000} {}

R {  408} {0} {} {关洛道} { } {} {changan} {} {} {} {1.000} {road7}
E {  407} {e} {e} {2} {0} {} {1.000} {}
E {  409} {w} {w} {8} {0} {} {1.000} {}

R {  409} {0} {} {关洛道} { } {} {changan} {} {} {} {1.000} {road6}
E {  408} {e} {e} {2} {0} {} {1.000} {}
E {  410} {w} {w} {8} {0} {} {1.000} {}

R {  410} {0} {} {关洛道} { } {} {changan} {} {} {} {1.000} {road5}
E {  409} {e} {e} {2} {0} {} {1.000} {}

R {  411} {8} {} {} { } {} {} {} {} {} {1.000} {}
E {  407} {w} {w} {8} {0} {} {1.000} {}
E {  158} {e} {e} {2} {0} {} {1.000} {}

R {  412} {8} {} {} { } {} {} {} {} {} {1.000} {}
E {  405} {sw} {sw} {12} {0} {} {1.000} {}
E {  158} {ne} {ne} {3} {0} {} {1.000} {}

R {  413} {0} {} {大道} { } {} {jingzhou} {} {} {} {1.000} {road3}
E {  406} {ne} {ne} {3} {0} {} {1.000} {}
E {  414} {sw} {sw} {12} {0} {} {1.000} {}

R {  414} {0} {} {青山} { } {} {jingzhou} {} {} {} {1.000} {road4}
E {  413} {ne} {ne} {3} {0} {} {1.000} {}
E {  415} {wu} {wu} {24} {0} {} {1.000} {}

R {  415} {0} {} {青山} { } {} {jingzhou} {} {} {} {1.000} {qingshan2}
E {  414} {ed} {ed} {34} {0} {} {1.000} {}
E {  419} {wu} {wu} {24} {0} {} {1.000} {}

R {  416} {0} {} {东大街} { } {} {jingzhou} {} {} {} {1.000} {dongdajie1}
E {  341} {e} {e} {2} {0} {} {1.000} {}
E {  455} {w} {w} {8} {0} {} {1.000} {}
E {  446} {n} {n} {1} {0} {} {1.000} {}
E {  449} {s} {s} {4} {0} {} {1.000} {}

R {  417} {0} {} {朱雀外门} { } {} {xiangyang} {} {} {} {1.000} {southgate2}
E {  286} {s} {s} {4} {0} {} {1.000} {}
E {  418} {n} {n} {1} {0} {} {1.000} {}

R {  418} {0} {} {朱雀内门} { } {} {xiangyang} {} {} {} {1.000} {southgate1}
E {  417} {s} {s} {4} {0} {} {1.000} {}

R {  419} {0} {} {山顶} { } {} {jingzhou} {} {} {} {1.000} {qingshan}
E {  415} {ed} {ed} {34} {0} {} {1.000} {}
E {  420} {sd} {sd} {36} {0} {} {1.000} {}
E {  426} {wd} {wd} {40} {0} {} {1.000} {}

R {  420} {0} {} {小路} { } {} {jingzhou} {} {} {} {1.000} {chibi1}
E {  419} {nu} {nu} {17} {0} {} {1.000} {}
E {  421} {sd} {sd} {36} {0} {} {1.000} {}

R {  421} {0} {} {小路} { } {} {jingzhou} {} {} {} {1.000} {chibi2}
E {  420} {nu} {nu} {17} {0} {} {1.000} {}
E {  422} {sd} {sd} {36} {0} {} {1.000} {}

R {  422} {0} {} {小路} { } {} {jingzhou} {} {} {} {1.000} {chibi3}
E {  421} {nu} {nu} {17} {0} {} {1.000} {}
E {  423} {sd} {sd} {36} {0} {} {1.000} {}

R {  423} {0} {} {长江岸边} { } {} {jingzhou} {} {} {} {1.000} {chibi4}
E {  422} {nu} {nu} {17} {0} {} {1.000} {}
E {  424} {w} {w} {8} {0} {} {1.000} {}

R {  424} {0} {} {长江岸边} { } {} {jingzhou} {} {} {} {1.000} {chibi5}
E {  423} {e} {e} {2} {0} {} {1.000} {}
E {  425} {w} {w} {8} {0} {} {1.000} {}

R {  425} {0} {} {赤壁古战场} { } {} {jingzhou} {} {} {} {1.000} {chibi6}
E {  424} {e} {e} {2} {0} {} {1.000} {}

R {  426} {0} {} {青山} { } {} {jingzhou} {} {} {} {1.000} {qingshan1}
E {  419} {eu} {eu} {18} {0} {} {1.000} {}
E {  427} {sw} {sw} {12} {0} {} {1.000} {}

R {  427} {0} {} {青山} { } {} {jingzhou} {} {} {} {1.000} {road5}
E {  426} {ne} {ne} {3} {0} {} {1.000} {}
E {  428} {w} {w} {8} {0} {} {1.000} {}

R {  428} {0} {} {小路} { } {} {jingzhou} {} {} {} {1.000} {road6}
E {  427} {e} {e} {2} {0} {} {1.000} {}
E {  429} {w} {w} {8} {0} {} {1.000} {}

R {  429} {0} {} {小路} { } {} {jingzhou} {} {} {} {1.000} {road7}
E {  428} {e} {e} {2} {0} {} {1.000} {}
E {  430} {w} {w} {8} {0} {} {1.000} {}

R {  430} {0} {} {官道} { } {} {jingzhou} {} {} {} {1.000} {guandao1}
E {  429} {e} {e} {2} {0} {} {1.000} {}
E {  431} {w} {w} {8} {0} {} {1.000} {}

R {  431} {0} {} {官道} { } {} {jingzhou} {} {} {} {1.000} {guandao2}
E {  430} {e} {e} {2} {0} {} {1.000} {}
E {  432} {w} {w} {8} {0} {} {1.000} {}

R {  432} {0} {} {青石道} { } {} {jingzhou} {} {} {} {1.000} {guandao3}
E {  431} {e} {e} {2} {0} {} {1.000} {}
E {  433} {w} {w} {8} {0} {} {1.000} {}

R {  433} {0} {} {荆州东门} {#} {} {jingzhou} {} {} {} {1.000} {jzdongmen}
E {  432} {e} {e} {2} {0} {} {1.000} {}
E {  341} {w} {w} {8} {0} {} {1.000} {}

R {  434} {0} {} {荆州中心} {+} {} {jingzhou} {} {} {} {1.000} {guangchang}
E {  455} {e} {e} {2} {0} {} {1.000} {}
E {  457} {n} {n} {1} {0} {} {1.000} {}
E {  466} {w} {w} {8} {0} {} {1.000} {}
E {  489} {s} {s} {4} {0} {} {1.000} {}

R {  435} {0} {} {北大街} { } {} {jingzhou} {} {} {} {1.000} {beidajie1}
E {  457} {s} {s} {4} {0} {} {1.000} {}
E {  436} {n} {n} {1} {0} {} {1.000} {}
E {  456} {e} {e} {2} {0} {} {1.000} {}
E {  463} {w} {w} {8} {0} {} {1.000} {}

R {  436} {0} {} {北大街} { } {} {jingzhou} {} {} {} {1.000} {beidajie2}
E {  435} {s} {s} {4} {0} {} {1.000} {}
E {  437} {n} {n} {1} {0} {} {1.000} {}
E {  461} {e} {e} {2} {0} {} {1.000} {}
E {  462} {w} {w} {8} {0} {} {1.000} {}

R {  437} {0} {} {荆州北门} { } {} {jingzhou} {} {} {} {1.000} {jzbeimen}
E {  436} {s} {s} {4} {0} {} {1.000} {}
E {  283} {nu} {nu} {17} {0} {} {1.000} {}

R {  438} {8} {} {} { } {} {} {} {} {} {1.000} {}
E {  264} {e} {e} {2} {0} {} {1.000} {}
E {  439} {w} {w} {8} {0} {} {1.000} {}

R {  439} {8} {} {} { } {} {} {} {} {} {1.000} {}
E {  438} {e} {e} {2} {0} {} {1.000} {}
E {  263} {w} {w} {8} {0} {} {1.000} {}

R {  440} {8} {} {} { } {} {} {} {} {} {1.000} {}
E {  275} {e} {e} {2} {0} {} {1.000} {}
E {  107} {w} {w} {8} {0} {} {1.000} {}

R {  441} {8} {} {} { } {} {} {} {} {} {1.000} {}
E {  274} {e} {e} {2} {0} {} {1.000} {}
E {  275} {w} {w} {8} {0} {} {1.000} {}

R {  442} {8} {} {} { } {} {} {} {} {} {1.000} {}
E {  250} {n} {n} {1} {0} {} {1.000} {}
E {  249} {s} {s} {4} {0} {} {1.000} {}

R {  443} {0} {} {废园} { } {} {jingzhou} {} {} {} {1.000} {shop}
E {  341} {s} {s} {4} {0} {} {1.000} {}

R {  444} {0} {} {小巷} { } {} {jingzhou} {} {} {} {1.000} {xxiang}
E {  341} {n} {n} {1} {0} {} {1.000} {}
E {  445} {s} {s} {4} {0} {} {1.000} {}

R {  445} {0} {} {小巷尽头} { } {} {jingzhou} {} {} {} {1.000} {xxend}
E {  444} {n} {n} {1} {0} {} {1.000} {}

R {  446} {0} {} {白塔} { } {} {jingzhou} {} {} {} {1.000} {baita}
E {  416} {s} {s} {4} {0} {} {1.000} {}
E {  447} {u} {u} {16} {0} {} {1.000} {}

R {  447} {0} {} {白塔二楼} { } {} {jingzhou} {} {} {} {1.000} {baita1}
E {  446} {d} {d} {32} {0} {} {1.000} {}
E {  448} {u} {u} {16} {0} {} {1.000} {}

R {  448} {0} {} {白塔三楼} { } {} {jingzhou} {} {} {} {1.000} {baita2}
E {  447} {d} {d} {32} {0} {} {1.000} {}

R {  449} {0} {} {萧湘书院} { } {} {jingzhou} {} {} {} {1.000} {shuyuan}
E {  416} {n} {n} {1} {0} {} {1.000} {}
E {  450} {s} {s} {4} {0} {} {1.000} {}

R {  450} {0} {} {书院后院} { } {} {jingzhou} {} {} {} {1.000} {shuyuan1}
E {  449} {n} {n} {1} {0} {} {1.000} {}
E {  451} {s} {s} {4} {0} {} {1.000} {}

R {  451} {0} {} {石阶} { } {} {jingzhou} {} {} {} {1.000} {shijie}
E {  450} {n} {n} {1} {0} {} {1.000} {}
E {  452} {sd} {sd} {36} {0} {} {1.000} {}

R {  452} {0} {} {紫竹林} { } {} {jingzhou} {} {} {} {1.000} {zizhulin}
E {  451} {nu} {nu} {17} {0} {} {1.000} {}
E {  453} {s} {s} {4} {0} {} {1.000} {}

R {  453} {0} {} {紫竹林} { } {} {jingzhou} {} {} {} {1.000} {zizhulin1}
E {  452} {n} {n} {1} {0} {} {1.000} {}
E {  454} {enter} {enter} {28} {0} {} {1.000} {}

R {  454} {0} {} {卉园} { } {} {jingzhou} {} {} {} {1.000} {xiaoyuan}
E {  453} {out} {out} {35} {0} {} {1.000} {}

R {  455} {8} {} {} { } {} {} {} {} {} {1.000} {}
E {  416} {e} {e} {2} {0} {} {1.000} {}
E {  434} {w} {w} {8} {0} {} {1.000} {}

R {  456} {0} {} {客店} { } {} {jingzhou} {} {} {} {1.000} {kedian}
E {  435} {w} {w} {8} {0} {} {1.000} {}
E {  458} {e} {e} {2} {0} {} {1.000} {}
E {  460} {u} {u} {16} {0} {} {1.000} {}

R {  457} {8} {} {} { } {} {} {} {} {} {1.000} {}
E {  435} {n} {n} {1} {0} {} {1.000} {}
E {  434} {s} {s} {4} {0} {} {1.000} {}

R {  458} {0} {} {马厩} {&} {} {jingzhou} {} {} {} {1.000} {majiu}
E {  456} {w} {w} {8} {0} {} {1.000} {}
E {  459} {u} {u} {16} {0} {} {1.000} {}

R {  459} {0} {} {} { } {} {} {} {} {} {1.000} {}
E {  458} {d} {d} {32} {0} {} {1.000} {}

R {  460} {0} {} {} { } {} {} {} {} {} {1.000} {}
E {  456} {d} {d} {32} {0} {} {1.000} {}

R {  461} {0} {} {饭馆} { } {} {jingzhou} {} {} {} {1.000} {libailou}
E {  436} {w} {w} {8} {0} {} {1.000} {}

R {  462} {0} {} {药铺} { } {} {jingzhou} {} {} {} {1.000} {yaopu}
E {  436} {e} {e} {2} {0} {} {1.000} {}

R {  463} {0} {} {钱庄} {$} {} {jingzhou} {} {} {} {1.000} {qianzhuang}
E {  435} {e} {e} {2} {0} {} {1.000} {}

R {  464} {0} {} {西大街} { } {} {jingzhou} {} {} {} {1.000} {xidajie1}
E {  466} {e} {e} {2} {0} {} {1.000} {}
E {  465} {n} {n} {1} {0} {} {1.000} {}
E {  479} {s} {s} {4} {0} {} {1.000} {}
E {  485} {w} {w} {8} {0} {} {1.000} {}

R {  465} {0} {} {万府大门} { } {} {jingzhou} {} {} {} {1.000} {wanghouse}
E {  464} {s} {s} {4} {0} {} {1.000} {}
E {  467} {n} {n} {1} {9} {} {1.000} {}

R {  466} {8} {} {} { } {} {} {} {} {} {1.000} {}
E {  464} {w} {w} {8} {0} {} {1.000} {}
E {  434} {e} {e} {2} {0} {} {1.000} {}

R {  467} {0} {} {万府大门} { } {} {jingzhou} {} {} {} {1.000} {wanghouse}
E {  465} {s} {s} {4} {0} {} {1.000} {}

R {  468} {0} {} {南大街} { } {} {jingzhou} {} {} {} {1.000} {nandajie1}
E {  489} {n} {n} {1} {0} {} {1.000} {}
E {  469} {e} {e} {2} {0} {} {1.000} {}
E {  470} {w} {w} {8} {0} {} {1.000} {}
E {  488} {s} {s} {4} {0} {} {1.000} {}

R {  469} {0} {} {打铁铺} { } {} {jingzhou} {} {} {} {1.000} {datiepu}
E {  468} {w} {w} {8} {0} {} {1.000} {}

R {  470} {0} {} {荆州茶僚} { } {} {jingzhou} {} {} {} {1.000} {chaliao}
E {  468} {e} {e} {2} {0} {} {1.000} {}

R {  471} {0} {} {南大街} { } {} {jingzhou} {} {} {} {1.000} {nandajie2}
E {  488} {n} {n} {1} {0} {} {1.000} {}
E {  472} {e} {e} {2} {0} {} {1.000} {}
E {  473} {w} {w} {8} {0} {} {1.000} {}
E {  474} {s} {s} {4} {0} {} {1.000} {}
E {  487} {wd} {wd} {40} {0} {} {1.000} {}

R {  472} {0} {} {粮仓大门} { } {} {jingzhou} {} {} {} {1.000} {lcmen}
E {  471} {w} {w} {8} {0} {} {1.000} {}
E {  491} {e} {e} {2} {8} {} {1.000} {}

R {  473} {0} {} {兵器库大门} { } {} {jingzhou} {} {} {} {1.000} {bqkumen}
E {  471} {e} {e} {2} {0} {} {1.000} {}

R {  474} {0} {} {荆州南门} {#} {} {jingzhou} {} {} {} {1.000} {jznanmen}
E {  471} {n} {n} {1} {0} {} {1.000} {}
E {  475} {s} {s} {4} {0} {} {1.000} {}

R {  475} {0} {} {碎石路} { } {} {jingzhou} {} {} {} {1.000} {nanshilu}
E {  474} {n} {n} {1} {0} {} {1.000} {}
E {  476} {s} {s} {4} {0} {} {1.000} {}

R {  476} {0} {} {碎石路} { } {} {jingzhou} {} {} {} {1.000} {nanshilu1}
E {  475} {n} {n} {1} {0} {} {1.000} {}
E {  492} {s} {s} {4} {0} {} {1.000} {}

R {  477} {2} {} {乱石滩} { } {} {kunming} {} {} {} {1.000} {road1}
E {  492} {n} {n} {1} {0} {} {1.000} {}
E {  478} {s} {s} {4} {0} {} {1.000} {}

R {  478} {0} {} {乱石滩} { } {} {kunming} {} {} {} {1.000} {road2}
E {  477} {n} {n} {1} {0} {} {1.000} {}

R {  479} {0} {} {荆州衙门} { } {} {jingzhou} {} {} {} {1.000} {jzyamen}
E {  464} {n} {n} {1} {0} {} {1.000} {}
E {  480} {s} {s} {4} {8} {} {1.000} {}

R {  480} {2} {} {衙门正厅} { } {} {jingzhou} {} {} {} {1.000} {ymzhengting}
E {  479} {n} {n} {1} {0} {} {1.000} {}
E {  493} {s} {s} {4} {0} {} {1.000} {}

R {  481} {0} {} {西大街} { } {} {jingzhou} {} {} {} {1.000} {xidajie2}
E {  485} {e} {e} {2} {0} {} {1.000} {}
E {  482} {s} {s} {4} {0} {} {1.000} {}
E {  495} {n} {n} {1} {0} {} {1.000} {}
E {  501} {w} {w} {8} {0} {} {1.000} {}

R {  482} {0} {} {林荫道} { } {} {jingzhou} {} {} {} {1.000} {lydao1}
E {  481} {n} {n} {1} {0} {} {1.000} {}
E {  490} {s} {s} {4} {0} {} {1.000} {}

R {  483} {0} {} {林荫道} { } {} {jingzhou} {} {} {} {1.000} {lydao2}
E {  490} {n} {n} {1} {0} {} {1.000} {}
E {  484} {sd} {sd} {36} {0} {} {1.000} {}

R {  484} {0} {} {温泉井} { } {} {jingzhou} {} {} {} {1.000} {wenquan}
E {  483} {nu} {nu} {17} {0} {} {1.000} {}
E {  486} {eu} {eu} {18} {0} {} {1.000} {}

R {  485} {8} {} {} { } {} {} {} {} {} {1.000} {}
E {  481} {w} {w} {8} {0} {} {1.000} {}
E {  464} {e} {e} {2} {0} {} {1.000} {}

R {  486} {0} {} {林荫道} { } {} {jingzhou} {} {} {} {1.000} {lydao3}
E {  484} {wd} {wd} {40} {0} {} {1.000} {}
E {  487} {e} {e} {2} {0} {} {1.000} {}

R {  487} {0} {} {林荫道} { } {} {jingzhou} {} {} {} {1.000} {lydao4}
E {  486} {w} {w} {8} {0} {} {1.000} {}
E {  471} {eu} {eu} {18} {0} {} {1.000} {}

R {  488} {8} {} {} { } {} {} {} {} {} {1.000} {}
E {  471} {s} {s} {4} {0} {} {1.000} {}
E {  468} {n} {n} {1} {0} {} {1.000} {}

R {  489} {8} {} {} { } {} {} {} {} {} {1.000} {}
E {  468} {s} {s} {4} {0} {} {1.000} {}
E {  434} {n} {n} {1} {0} {} {1.000} {}

R {  490} {8} {} {} { } {} {} {} {} {} {1.000} {}
E {  483} {s} {s} {4} {0} {} {1.000} {}
E {  482} {n} {n} {1} {0} {} {1.000} {}

R {  491} {0} {} {粮仓大门} { } {} {jingzhou} {} {} {} {1.000} {lcmen}
E {  472} {w} {w} {8} {0} {} {1.000} {}

R {  492} {8} {} {} { } {} {} {} {} {} {1.000} {}
E {  477} {s} {s} {4} {0} {} {1.000} {}
E {  476} {n} {n} {1} {0} {} {1.000} {}

R {  493} {0} {} {衙门后院} { } {} {jingzhou} {} {} {} {1.000} {houyuan}
E {  480} {n} {n} {1} {0} {} {1.000} {}
E {  494} {w} {w} {8} {0} {} {1.000} {}

R {  494} {0} {} {丫鬟卧房} { } {} {jingzhou} {} {} {} {1.000} {xixiang}
E {  493} {e} {e} {2} {0} {} {1.000} {}

R {  495} {0} {} {关圣庙} { } {} {jingzhou} {} {} {} {1.000} {guanmiao}
E {  481} {s} {s} {4} {0} {} {1.000} {}
E {  496} {n} {n} {1} {0} {} {1.000} {}

R {  496} {0} {} {后殿} { } {} {jingzhou} {} {} {} {1.000} {houdian}
E {  495} {s} {s} {4} {0} {} {1.000} {}
E {  497} {n} {n} {1} {0} {} {1.000} {}

R {  497} {0} {} {后门} { } {} {jingzhou} {} {} {} {1.000} {houmen}
E {  496} {s} {s} {4} {0} {} {1.000} {}
E {  498} {nu} {nu} {17} {0} {} {1.000} {}

R {  498} {0} {} {小山坡} { } {} {jingzhou} {} {} {} {1.000} {xiaoshan}
E {  497} {sd} {sd} {36} {0} {} {1.000} {}
E {  499} {ed} {ed} {34} {0} {} {1.000} {}

R {  499} {0} {} {乱坟岗} { } {} {jingzhou} {} {} {} {1.000} {luan}
E {  498} {wu} {wu} {24} {0} {} {1.000} {}
E {  500} {e} {e} {2} {0} {} {1.000} {}

R {  500} {0} {} {乱坟岗} { } {} {jingzhou} {} {} {} {1.000} {luan2}
E {  499} {w} {w} {8} {0} {} {1.000} {}

R {  501} {0} {} {荆州西门} {#} {} {jingzhou} {} {} {} {1.000} {jzximen}
E {  481} {e} {e} {2} {0} {} {1.000} {}
E {  503} {w} {w} {8} {0} {} {1.000} {}

R {  502} {2} {} {青石路} { } {} {city3} {} {} {} {1.000} {shudao1}
E {  503} {e} {e} {2} {0} {} {1.000} {}

R {  503} {8} {} {} { } {} {} {} {} {} {1.000} {}
E {  502} {w} {w} {8} {0} {} {1.000} {}
E {  501} {e} {e} {2} {0} {} {1.000} {}
